Archive member included to satisfy reference by file (symbol)

C:/Program Files (x86)/Arm GNU Toolchain arm-none-eabi/14.2 rel1/bin/../lib/gcc/arm-none-eabi/14.2.1/thumb/v6-m/nofp\libgcc.a(_dvmd_tls.o)
                              CMakeFiles/pwm_motor_control.dir/C_/Users/Jcjon/pico-sdk/src/rp2_common/pico_divider/divider_hardware.S.obj (__aeabi_idiv0)
C:/Program Files (x86)/Arm GNU Toolchain arm-none-eabi/14.2 rel1/bin/../lib/gcc/arm-none-eabi/14.2.1/thumb/v6-m/nofp\libg.a(libc_a-calloc.o)
                              CMakeFiles/pwm_motor_control.dir/C_/Users/Jcjon/pico-sdk/src/rp2_common/pico_malloc/malloc.c.obj (calloc)
C:/Program Files (x86)/Arm GNU Toolchain arm-none-eabi/14.2 rel1/bin/../lib/gcc/arm-none-eabi/14.2.1/thumb/v6-m/nofp\libg.a(libc_a-callocr.o)
                              C:/Program Files (x86)/Arm GNU Toolchain arm-none-eabi/14.2 rel1/bin/../lib/gcc/arm-none-eabi/14.2.1/thumb/v6-m/nofp\libg.a(libc_a-calloc.o) (_calloc_r)
C:/Program Files (x86)/Arm GNU Toolchain arm-none-eabi/14.2 rel1/bin/../lib/gcc/arm-none-eabi/14.2.1/thumb/v6-m/nofp\libg.a(libc_a-malloc.o)
                              CMakeFiles/pwm_motor_control.dir/C_/Users/Jcjon/pico-sdk/src/rp2_common/pico_malloc/malloc.c.obj (malloc)
C:/Program Files (x86)/Arm GNU Toolchain arm-none-eabi/14.2 rel1/bin/../lib/gcc/arm-none-eabi/14.2.1/thumb/v6-m/nofp\libg.a(libc_a-mallocr.o)
                              C:/Program Files (x86)/Arm GNU Toolchain arm-none-eabi/14.2 rel1/bin/../lib/gcc/arm-none-eabi/14.2.1/thumb/v6-m/nofp\libg.a(libc_a-callocr.o) (_malloc_r)
C:/Program Files (x86)/Arm GNU Toolchain arm-none-eabi/14.2 rel1/bin/../lib/gcc/arm-none-eabi/14.2.1/thumb/v6-m/nofp\libg.a(libc_a-mlock.o)
                              C:/Program Files (x86)/Arm GNU Toolchain arm-none-eabi/14.2 rel1/bin/../lib/gcc/arm-none-eabi/14.2.1/thumb/v6-m/nofp\libg.a(libc_a-mallocr.o) (__malloc_lock)
C:/Program Files (x86)/Arm GNU Toolchain arm-none-eabi/14.2 rel1/bin/../lib/gcc/arm-none-eabi/14.2.1/thumb/v6-m/nofp\libg.a(libc_a-realloc.o)
                              CMakeFiles/pwm_motor_control.dir/C_/Users/Jcjon/pico-sdk/src/rp2_common/pico_malloc/malloc.c.obj (realloc)
C:/Program Files (x86)/Arm GNU Toolchain arm-none-eabi/14.2 rel1/bin/../lib/gcc/arm-none-eabi/14.2.1/thumb/v6-m/nofp\libg.a(libc_a-reallocr.o)
                              C:/Program Files (x86)/Arm GNU Toolchain arm-none-eabi/14.2 rel1/bin/../lib/gcc/arm-none-eabi/14.2.1/thumb/v6-m/nofp\libg.a(libc_a-realloc.o) (_realloc_r)
C:/Program Files (x86)/Arm GNU Toolchain arm-none-eabi/14.2 rel1/bin/../lib/gcc/arm-none-eabi/14.2.1/thumb/v6-m/nofp\libg.a(libc_a-ctype_.o)
                              CMakeFiles/pwm_motor_control.dir/C_/Users/Jcjon/pico-sdk/lib/tinyusb/src/tusb.c.obj (_ctype_)
C:/Program Files (x86)/Arm GNU Toolchain arm-none-eabi/14.2 rel1/bin/../lib/gcc/arm-none-eabi/14.2.1/thumb/v6-m/nofp\libg.a(libc_a-memcmp.o)
                              CMakeFiles/pwm_motor_control.dir/C_/Users/Jcjon/pico-sdk/src/rp2_common/pico_atomic/atomic.c.obj (memcmp)
C:/Program Files (x86)/Arm GNU Toolchain arm-none-eabi/14.2 rel1/bin/../lib/gcc/arm-none-eabi/14.2.1/thumb/v6-m/nofp\libg.a(libc_a-memmove.o)
                              CMakeFiles/pwm_motor_control.dir/C_/Users/Jcjon/pico-sdk/lib/cyw43-driver/src/cyw43_ll.c.obj (memmove)
C:/Program Files (x86)/Arm GNU Toolchain arm-none-eabi/14.2 rel1/bin/../lib/gcc/arm-none-eabi/14.2.1/thumb/v6-m/nofp\libg.a(libc_a-strncmp.o)
                              CMakeFiles/pwm_motor_control.dir/C_/Users/Jcjon/pico-sdk/lib/cyw43-driver/src/cyw43_ll.c.obj (strncmp)
C:/Program Files (x86)/Arm GNU Toolchain arm-none-eabi/14.2 rel1/bin/../lib/gcc/arm-none-eabi/14.2.1/thumb/v6-m/nofp\libg.a(libc_a-lcltime_r.o)
                              CMakeFiles/pwm_motor_control.dir/C_/Users/Jcjon/pico-sdk/src/common/pico_util/datetime.c.obj (localtime_r)
C:/Program Files (x86)/Arm GNU Toolchain arm-none-eabi/14.2 rel1/bin/../lib/gcc/arm-none-eabi/14.2.1/thumb/v6-m/nofp\libg.a(libc_a-mktime.o)
                              CMakeFiles/pwm_motor_control.dir/C_/Users/Jcjon/pico-sdk/src/common/pico_util/datetime.c.obj (mktime)
C:/Program Files (x86)/Arm GNU Toolchain arm-none-eabi/14.2 rel1/bin/../lib/gcc/arm-none-eabi/14.2.1/thumb/v6-m/nofp\libg.a(libc_a-month_lengths.o)
                              C:/Program Files (x86)/Arm GNU Toolchain arm-none-eabi/14.2 rel1/bin/../lib/gcc/arm-none-eabi/14.2.1/thumb/v6-m/nofp\libg.a(libc_a-lcltime_r.o) (__month_lengths)
C:/Program Files (x86)/Arm GNU Toolchain arm-none-eabi/14.2 rel1/bin/../lib/gcc/arm-none-eabi/14.2.1/thumb/v6-m/nofp\libg.a(libc_a-tzcalc_limits.o)
                              C:/Program Files (x86)/Arm GNU Toolchain arm-none-eabi/14.2 rel1/bin/../lib/gcc/arm-none-eabi/14.2.1/thumb/v6-m/nofp\libg.a(libc_a-lcltime_r.o) (__tzcalc_limits)
C:/Program Files (x86)/Arm GNU Toolchain arm-none-eabi/14.2 rel1/bin/../lib/gcc/arm-none-eabi/14.2.1/thumb/v6-m/nofp\libg.a(libc_a-tzlock.o)
[...]
Memory Configuration

Name             Origin             Length             Attributes
FLASH            0x10000000         0x00200000         xr
RAM              0x20000000         0x00040000         xrw
SCRATCH_X        0x20040000         0x00001000         xrw
SCRATCH_Y        0x20041000         0x00001000         xrw
*default*        0x00000000         0xffffffff

Linker script and memory map

LOAD C:/Program Files (x86)/Arm GNU Toolchain arm-none-eabi/14.2 rel1/bin/../lib/gcc/arm-none-eabi/14.2.1/thumb/v6-m/nofp/crti.o
LOAD C:/Program Files (x86)/Arm GNU Toolchain arm-none-eabi/14.2 rel1/bin/../lib/gcc/arm-none-eabi/14.2.1/thumb/v6-m/nofp/crtbegin.o
LOAD C:/Program Files (x86)/Arm GNU Toolchain arm-none-eabi/14.2 rel1/bin/../lib/gcc/arm-none-eabi/14.2.1/thumb/v6-m/nofp/crt0.o

.flash_begin    0x10000000        0x0
                0x10000000                        __flash_binary_start = .

.boot2          0x10000000      0x100
                0x10000000                        __boot2_start__ = .
 *(.boot2)
 .boot2         0x10000000      0x100 pico-sdk/src/rp2040/boot_stage2/CMakeFiles/bs2_default_library.dir/bs2_default_padded_checksummed.S.obj
                0x10000100                        __boot2_end__ = .
                0x00000001                        ASSERT (((__boot2_end__ - __boot2_start__) == 0x100), ERROR: Pico second stage bootloader must be 256 bytes in size)

.text           0x10000100     0xa3e4
                0x10000100                        __logical_binary_start = .
 *(.vectors)
 .vectors       0x10000100       0xd4 CMakeFiles/pwm_motor_control.dir/C_/Users/Jcjon/pico-sdk/src/rp2_common/pico_crt0/crt0.S.obj
                0x10000100                __VECTOR_TABLE
                0x10000100                __vectors
                0x100001c0                isr_invalid
                0x100001c0                __default_isrs_start
                0x100001c2                isr_nmi
                0x100001c4                isr_hardfault
                0x100001c6                isr_svcall
                0x100001c8                isr_pendsv
                0x100001ca                isr_systick
                0x100001cc                isr_irq23
                0x100001cc                isr_irq18
                0x100001cc                isr_irq11
                0x100001cc                isr_irq28
                0x100001cc                isr_irq19
                0x100001cc                isr_irq0
                0x100001cc                isr_irq6
                0x100001cc                isr_irq5
                0x100001cc                isr_irq12
                0x100001cc                isr_irq22
                0x100001cc                isr_irq31
                0x100001cc                isr_irq17
                0x100001cc                isr_irq27
                0x100001cc                isr_irq30
                0x100001cc                isr_irq2
                0x100001cc                isr_irq10
                0x100001cc                isr_irq8
                0x100001cc                isr_irq24
                0x100001cc                isr_irq1
                0x100001cc                isr_irq7
                0x100001cc                isr_irq21
                0x100001cc                isr_irq20
                0x100001cc                isr_irq15
                0x100001cc                isr_irq25
                0x100001cc                isr_irq13
                0x100001cc                __unhandled_user_irq
                0x100001cc                isr_irq4
                0x100001cc                isr_irq16
                0x100001cc                isr_irq29
                0x100001cc                isr_irq26
                0x100001cc                __default_isrs_end
                0x100001cc                isr_irq3
                0x100001cc                isr_irq14
                0x100001cc                isr_irq9
                0x100001d2                unhandled_user_irq_num_in_r0
 *(.binary_info_header)
 .binary_info_header
                0x100001d4       0x14 CMakeFiles/pwm_motor_control.dir/C_/Users/Jcjon/pico-sdk/src/rp2_common/pico_crt0/crt0.S.obj
                0x100001e8                        __binary_info_header_end = .
 *(.embedded_block)
                0x100001e8                        __embedded_block_end = .
 *(.reset)
 .reset         0x100001e8       0x9c CMakeFiles/pwm_motor_control.dir/C_/Users/Jcjon/pico-sdk/src/rp2_common/pico_crt0/crt0.S.obj
                0x100001e8                _entry_point
 *(.init)
 .init          0x10000284        0x4 C:/Program Files (x86)/Arm GNU Toolchain arm-none-eabi/14.2 rel1/bin/../lib/gcc/arm-none-eabi/14.2.1/thumb/v6-m/nofp/crti.o
                0x10000284                _init
 *(EXCLUDE_FILE(*libm.a: *libc.a:*lib_a-mem*.o *libgcc.a:) .text*)
 .text.register_tm_clones
                0x10000288       0x28 C:/Program Files (x86)/Arm GNU Toolchain arm-none-eabi/14.2 rel1/bin/../lib/gcc/arm-none-eabi/14.2.1/thumb/v6-m/nofp/crtbegin.o
 .text.frame_dummy
                0x100002b0       0x24 C:/Program Files (x86)/Arm GNU Toolchain arm-none-eabi/14.2 rel1/bin/../lib/gcc/arm-none-eabi/14.2.1/thumb/v6-m/nofp/crtbegin.o
 .text.pwm_init
                0x100002d4       0x34 CMakeFiles/pwm_motor_control.dir/main.cpp.obj
 .text.pwm_set_chan_level
                0x10000308       0x38 CMakeFiles/pwm_motor_control.dir/main.cpp.obj
 .text._Z10setup_ledsv
                0x10000340       0x32 CMakeFiles/pwm_motor_control.dir/main.cpp.obj
                0x10000340                setup_leds()
 .text._Z11update_ledsh
                0x10000372       0x46 CMakeFiles/pwm_motor_control.dir/main.cpp.obj
                0x10000372                update_leds(unsigned char)
 .text._Z15setup_pwm_motorv
                0x100003b8       0x40 CMakeFiles/pwm_motor_control.dir/main.cpp.obj
                0x100003b8                setup_pwm_motor()
 .text._Z20set_motor_duty_cycleh
                0x100003f8       0x38 CMakeFiles/pwm_motor_control.dir/main.cpp.obj
                0x100003f8                set_motor_duty_cycle(unsigned char)
 .text._Z13gpio_callbackjm
                0x10000430       0x84 CMakeFiles/pwm_motor_control.dir/main.cpp.obj
                0x10000430                gpio_callback(unsigned int, unsigned long)
 .text._Z12setup_buttonv
                0x100004b4       0x40 CMakeFiles/pwm_motor_control.dir/main.cpp.obj
                0x100004b4                setup_button()
 .text.main     0x100004f4       0x70 CMakeFiles/pwm_motor_control.dir/main.cpp.obj
                0x100004f4                main
 .text.gpio_set_function
                0x10000564       0x34 CMakeFiles/pwm_motor_control.dir/C_/Users/Jcjon/pico-sdk/src/rp2_common/hardware_gpio/gpio.c.obj
                0x10000564                gpio_set_function
 .text.gpio_set_pulls
                0x10000598       0x38 CMakeFiles/pwm_motor_control.dir/C_/Users/Jcjon/pico-sdk/src/rp2_common/hardware_gpio/gpio.c.obj
                0x10000598                gpio_set_pulls
 .text.gpio_set_input_hysteresis_enabled
                0x100005d0       0x28 CMakeFiles/pwm_motor_control.dir/C_/Users/Jcjon/pico-sdk/src/rp2_common/hardware_gpio/gpio.c.obj
                0x100005d0                gpio_set_input_hysteresis_enabled
 .text.gpio_set_irq_callback
                0x100005f8       0x48 CMakeFiles/pwm_motor_control.dir/C_/Users/Jcjon/pico-sdk/src/rp2_common/hardware_gpio/gpio.c.obj
                0x100005f8                gpio_set_irq_callback
 .text.gpio_add_raw_irq_handler_with_order_priority_masked
                0x10000640       0x40 CMakeFiles/pwm_motor_control.dir/C_/Users/Jcjon/pico-sdk/src/rp2_common/hardware_gpio/gpio.c.obj
                0x10000640                gpio_add_raw_irq_handler_with_order_priority_masked
 .text.gpio_remove_raw_irq_handler_masked
                0x10000680       0x48 CMakeFiles/pwm_motor_control.dir/C_/Users/Jcjon/pico-sdk/src/rp2_common/hardware_gpio/gpio.c.obj
                0x10000680                gpio_remove_raw_irq_handler_masked
 .text.gpio_acknowledge_irq
                0x100006c8       0x18 CMakeFiles/pwm_motor_control.dir/C_/Users/Jcjon/pico-sdk/src/rp2_common/hardware_gpio/gpio.c.obj
                0x100006c8                gpio_acknowledge_irq
 .text._gpio_set_irq_enabled
                0x100006e0       0x38 CMakeFiles/pwm_motor_control.dir/C_/Users/Jcjon/pico-sdk/src/rp2_common/hardware_gpio/gpio.c.obj
 .text.gpio_set_irq_enabled
                0x10000718       0x68 CMakeFiles/pwm_motor_control.dir/C_/Users/Jcjon/pico-sdk/src/rp2_common/hardware_gpio/gpio.c.obj
                0x10000718                gpio_set_irq_enabled
 .text.gpio_set_irq_enabled_with_callback
                0x10000780       0x28 CMakeFiles/pwm_motor_control.dir/C_/Users/Jcjon/pico-sdk/src/rp2_common/hardware_gpio/gpio.c.obj
                0x10000780                gpio_set_irq_enabled_with_callback
 .text.gpio_default_irq_handler
                0x100007a8       0xa0 CMakeFiles/pwm_motor_control.dir/C_/Users/Jcjon/pico-sdk/src/rp2_common/hardware_gpio/gpio.c.obj
 .text.gpio_init
                0x10000848       0x16 CMakeFiles/pwm_motor_control.dir/C_/Users/Jcjon/pico-sdk/src/rp2_common/hardware_gpio/gpio.c.obj
                0x10000848                gpio_init
 *fill*         0x1000085e        0x2 
 .text.rp2040_chip_version
                0x10000860       0x54 CMakeFiles/pwm_motor_control.dir/C_/Users/Jcjon/pico-sdk/src/rp2040/pico_platform/platform.c.obj
                0x10000860                rp2040_chip_version
 .text.panic    0x100008b4       0x30 CMakeFiles/pwm_motor_control.dir/C_/Users/Jcjon/pico-sdk/src/rp2_common/pico_platform_panic/panic.c.obj
                0x100008b4                panic
 .text.hw_claim_lock
                0x100008e4       0x18 CMakeFiles/pwm_motor_control.dir/C_/Users/Jcjon/pico-sdk/src/common/hardware_claim/claim.c.obj
                0x100008e4                hw_claim_lock
 .text.hw_claim_unlock
                0x100008fc       0x14 CMakeFiles/pwm_motor_control.dir/C_/Users/Jcjon/pico-sdk/src/common/hardware_claim/claim.c.obj
                0x100008fc                hw_claim_unlock
 .text.hw_claim_or_assert
                0x10000910       0x32 CMakeFiles/pwm_motor_control.dir/C_/Users/Jcjon/pico-sdk/src/common/hardware_claim/claim.c.obj
                0x10000910                hw_claim_or_assert
 .text.hw_claim_unused_from_range
                0x10000942       0x50 CMakeFiles/pwm_motor_control.dir/C_/Users/Jcjon/pico-sdk/src/common/hardware_claim/claim.c.obj
                0x10000942                hw_claim_unused_from_range
 *fill*         0x10000992        0x2 
 .text.hw_claim_clear
                0x10000994       0x40 CMakeFiles/pwm_motor_control.dir/C_/Users/Jcjon/pico-sdk/src/common/hardware_claim/claim.c.obj
                0x10000994                hw_claim_clear
 .text.next_striped_spin_lock_num
                0x100009d4       0x1c CMakeFiles/pwm_motor_control.dir/C_/Users/Jcjon/pico-sdk/src/rp2_common/hardware_sync/sync.c.obj
                0x100009d4                next_striped_spin_lock_num
 .text.spin_lock_claim_unused
                0x100009f0       0x24 CMakeFiles/pwm_motor_control.dir/C_/Users/Jcjon/pico-sdk/src/rp2_common/hardware_sync/sync.c.obj
                0x100009f0                spin_lock_claim_unused
 .text.spin_locks_reset
                0x10000a14       0x20 CMakeFiles/pwm_motor_control.dir/C_/Users/Jcjon/pico-sdk/src/rp2_common/hardware_sync_spin_lock/sync_spin_lock.c.obj
                0x10000a14                spin_locks_reset
 .text.set_raw_irq_handler_and_unlock
                0x10000a34       0x28 CMakeFiles/pwm_motor_control.dir/C_/Users/Jcjon/pico-sdk/src/rp2_common/hardware_irq/irq.c.obj
 .text.nvic_ipr0
                0x10000a5c        0x8 CMakeFiles/pwm_motor_control.dir/C_/Users/Jcjon/pico-sdk/src/rp2_common/hardware_irq/irq.c.obj
 .text.runtime_init_per_core_irq_priorities
                0x10000a64       0x1c CMakeFiles/pwm_motor_control.dir/C_/Users/Jcjon/pico-sdk/src/rp2_common/hardware_irq/irq.c.obj
                0x10000a64                runtime_init_per_core_irq_priorities
 .text.get_user_irq_claim_index
                0x10000a80        0x6 CMakeFiles/pwm_motor_control.dir/C_/Users/Jcjon/pico-sdk/src/rp2_common/hardware_irq/irq.c.obj
 *fill*         0x10000a86        0x2 
 .text.resolve_j_16
                0x10000a88       0x30 CMakeFiles/pwm_motor_control.dir/C_/Users/Jcjon/pico-sdk/src/rp2_common/hardware_irq/irq.c.obj
 .text.make_j_16
                0x10000ab8       0x48 CMakeFiles/pwm_motor_control.dir/C_/Users/Jcjon/pico-sdk/src/rp2_common/hardware_irq/irq.c.obj
 .text.insert_bl_32
                0x10000b00       0x40 CMakeFiles/pwm_motor_control.dir/C_/Users/Jcjon/pico-sdk/src/rp2_common/hardware_irq/irq.c.obj
 .text.irq_is_enabled
                0x10000b40       0x18 CMakeFiles/pwm_motor_control.dir/C_/Users/Jcjon/pico-sdk/src/rp2_common/hardware_irq/irq.c.obj
                0x10000b40                irq_is_enabled
 .text.irq_set_mask_n_enabled
                0x10000b58       0x1c CMakeFiles/pwm_motor_control.dir/C_/Users/Jcjon/pico-sdk/src/rp2_common/hardware_irq/irq.c.obj
                0x10000b58                irq_set_mask_n_enabled
 .text.irq_set_enabled
                0x10000b74       0x14 CMakeFiles/pwm_motor_control.dir/C_/Users/Jcjon/pico-sdk/src/rp2_common/hardware_irq/irq.c.obj
                0x10000b74                irq_set_enabled
 .text.irq_set_pending
                0x10000b88       0x10 CMakeFiles/pwm_motor_control.dir/C_/Users/Jcjon/pico-sdk/src/rp2_common/hardware_irq/irq.c.obj
                0x10000b88                irq_set_pending
 .text.irq_get_vtable_handler
                0x10000b98       0x10 CMakeFiles/pwm_motor_control.dir/C_/Users/Jcjon/pico-sdk/src/rp2_common/hardware_irq/irq.c.obj
                0x10000b98                irq_get_vtable_handler
 .text.irq_has_shared_handler
                0x10000ba8       0x24 CMakeFiles/pwm_motor_control.dir/C_/Users/Jcjon/pico-sdk/src/rp2_common/hardware_irq/irq.c.obj
                0x10000ba8                irq_has_shared_handler
 .text.irq_set_exclusive_handler
                0x10000bcc       0x54 CMakeFiles/pwm_motor_control.dir/C_/Users/Jcjon/pico-sdk/src/rp2_common/hardware_irq/irq.c.obj
                0x10000bcc                irq_set_exclusive_handler
 .text.irq_add_shared_handler
                0x10000c20      0x218 CMakeFiles/pwm_motor_control.dir/C_/Users/Jcjon/pico-sdk/src/rp2_common/hardware_irq/irq.c.obj
                0x10000c20                irq_add_shared_handler
 .text.irq_remove_handler
                0x10000e38      0x18c CMakeFiles/pwm_motor_control.dir/C_/Users/Jcjon/pico-sdk/src/rp2_common/hardware_irq/irq.c.obj
                0x10000e38                irq_remove_handler
 .text.irq_set_priority
                0x10000fc4       0x26 CMakeFiles/pwm_motor_control.dir/C_/Users/Jcjon/pico-sdk/src/rp2_common/hardware_irq/irq.c.obj
                0x10000fc4                irq_set_priority
 *fill*         0x10000fea        0x2 
 .text.irq_add_tail_to_free_list
                0x10000fec       0xf4 CMakeFiles/pwm_motor_control.dir/C_/Users/Jcjon/pico-sdk/src/rp2_common/hardware_irq/irq.c.obj
                0x10000fec                irq_add_tail_to_free_list
 .text.user_irq_unclaim
                0x100010e0       0x18 CMakeFiles/pwm_motor_control.dir/C_/Users/Jcjon/pico-sdk/src/rp2_common/hardware_irq/irq.c.obj
                0x100010e0                user_irq_unclaim
 .text.user_irq_claim_unused
                0x100010f8       0x2c CMakeFiles/pwm_motor_control.dir/C_/Users/Jcjon/pico-sdk/src/rp2_common/hardware_irq/irq.c.obj
                0x100010f8                user_irq_claim_unused
 .text.sem_init
                0x10001124       0x1e CMakeFiles/pwm_motor_control.dir/C_/Users/Jcjon/pico-sdk/src/common/pico_sync/sem.c.obj
                0x10001124                sem_init
 *fill*         0x10001142        0x2 
 .text.lock_init
                0x10001144       0x10 CMakeFiles/pwm_motor_control.dir/C_/Users/Jcjon/pico-sdk/src/common/pico_sync/lock_core.c.obj
                0x10001144                lock_init
 .text.mutex_init
                0x10001154       0x1a CMakeFiles/pwm_motor_control.dir/C_/Users/Jcjon/pico-sdk/src/common/pico_sync/mutex.c.obj
                0x10001154                mutex_init
 .text.recursive_mutex_init
                0x1000116e       0x1e CMakeFiles/pwm_motor_control.dir/C_/Users/Jcjon/pico-sdk/src/common/pico_sync/mutex.c.obj
                0x1000116e                recursive_mutex_init
 .text.runtime_init_mutex
                0x1000118c       0x4c CMakeFiles/pwm_motor_control.dir/C_/Users/Jcjon/pico-sdk/src/common/pico_sync/mutex.c.obj
                0x1000118c                runtime_init_mutex
 .text.critical_section_init_with_lock_num
                0x100011d8       0x14 CMakeFiles/pwm_motor_control.dir/C_/Users/Jcjon/pico-sdk/src/common/pico_sync/critical_section.c.obj
                0x100011d8                critical_section_init_with_lock_num
 .text.critical_section_init
                0x100011ec       0x14 CMakeFiles/pwm_motor_control.dir/C_/Users/Jcjon/pico-sdk/src/common/pico_sync/critical_section.c.obj
                0x100011ec                critical_section_init
 .text.make_alarm_id
                0x10001200        0x6 CMakeFiles/pwm_motor_control.dir/C_/Users/Jcjon/pico-sdk/src/common/pico_time/time.c.obj
 *fill*         0x10001206        0x2 
 .text.sleep_until_callback
                0x10001208       0x30 CMakeFiles/pwm_motor_control.dir/C_/Users/Jcjon/pico-sdk/src/common/pico_time/time.c.obj
 .text.alarm_pool_irq_handler
                0x10001238      0x300 CMakeFiles/pwm_motor_control.dir/C_/Users/Jcjon/pico-sdk/src/common/pico_time/time.c.obj
 .text.ta_enable_irq_handler
                0x10001538       0x2c CMakeFiles/pwm_motor_control.dir/C_/Users/Jcjon/pico-sdk/src/common/pico_time/time.c.obj
 .text.alarm_pool_post_alloc_init
                0x10001564       0x78 CMakeFiles/pwm_motor_control.dir/C_/Users/Jcjon/pico-sdk/src/common/pico_time/time.c.obj
 .text.alarm_pool_get_default
                0x100015dc       0x2c CMakeFiles/pwm_motor_control.dir/C_/Users/Jcjon/pico-sdk/src/common/pico_time/time.c.obj
                0x100015dc                alarm_pool_get_default
 .text.alarm_pool_add_alarm_at_force_in_context
                0x10001608       0xa4 CMakeFiles/pwm_motor_control.dir/C_/Users/Jcjon/pico-sdk/src/common/pico_time/time.c.obj
                0x10001608                alarm_pool_add_alarm_at_force_in_context
 .text.alarm_pool_add_alarm_at
                0x100016ac       0x3c CMakeFiles/pwm_motor_control.dir/C_/Users/Jcjon/pico-sdk/src/common/pico_time/time.c.obj
                0x100016ac                alarm_pool_add_alarm_at
 .text.add_alarm_at
                0x100016e8       0x2e CMakeFiles/pwm_motor_control.dir/C_/Users/Jcjon/pico-sdk/src/common/pico_time/time.c.obj
 *fill*         0x10001716        0x2 
 .text.alarm_pool_cancel_alarm
                0x10001718       0x78 CMakeFiles/pwm_motor_control.dir/C_/Users/Jcjon/pico-sdk/src/common/pico_time/time.c.obj
                0x10001718                alarm_pool_cancel_alarm
 .text.cancel_alarm
                0x10001790       0x10 CMakeFiles/pwm_motor_control.dir/C_/Users/Jcjon/pico-sdk/src/common/pico_time/time.c.obj
 .text.alarm_pool_core_num
                0x100017a0        0x4 CMakeFiles/pwm_motor_control.dir/C_/Users/Jcjon/pico-sdk/src/common/pico_time/time.c.obj
                0x100017a0                alarm_pool_core_num
 .text.sleep_until
                0x100017a4       0xb0 CMakeFiles/pwm_motor_control.dir/C_/Users/Jcjon/pico-sdk/src/common/pico_time/time.c.obj
                0x100017a4                sleep_until
 .text.sleep_us
                0x10001854       0x24 CMakeFiles/pwm_motor_control.dir/C_/Users/Jcjon/pico-sdk/src/common/pico_time/time.c.obj
                0x10001854                sleep_us
 .text.sleep_ms
                0x10001878       0x14 CMakeFiles/pwm_motor_control.dir/C_/Users/Jcjon/pico-sdk/src/common/pico_time/time.c.obj
                0x10001878                sleep_ms
 .text.best_effort_wfe_or_timeout
                0x1000188c       0xf4 CMakeFiles/pwm_motor_control.dir/C_/Users/Jcjon/pico-sdk/src/common/pico_time/time.c.obj
                0x1000188c                best_effort_wfe_or_timeout
 .text.alarm_pool_get_default_timer
                0x10001980        0x8 CMakeFiles/pwm_motor_control.dir/C_/Users/Jcjon/pico-sdk/src/common/pico_time/time.c.obj
                0x10001980                alarm_pool_get_default_timer
 .text.runtime_init_default_alarm_pool
                0x10001988       0x38 CMakeFiles/pwm_motor_control.dir/C_/Users/Jcjon/pico-sdk/src/common/pico_time/time.c.obj
                0x10001988                runtime_init_default_alarm_pool
 .text.timer_hardware_alarm_claim
                0x100019c0       0x14 CMakeFiles/pwm_motor_control.dir/C_/Users/Jcjon/pico-sdk/src/rp2_common/hardware_timer/timer.c.obj
                0x100019c0                timer_hardware_alarm_claim
 .text.timer_time_us_64
                0x100019d4       0x10 CMakeFiles/pwm_motor_control.dir/C_/Users/Jcjon/pico-sdk/src/rp2_common/hardware_timer/timer.c.obj
                0x100019d4                timer_time_us_64
 .text.timer_busy_wait_until
                0x100019e4       0x1a CMakeFiles/pwm_motor_control.dir/C_/Users/Jcjon/pico-sdk/src/rp2_common/hardware_timer/timer.c.obj
                0x100019e4                timer_busy_wait_until
 .text.timer_busy_wait_us
                0x100019fe       0x38 CMakeFiles/pwm_motor_control.dir/C_/Users/Jcjon/pico-sdk/src/rp2_common/hardware_timer/timer.c.obj
                0x100019fe                timer_busy_wait_us
 *fill*         0x10001a36        0x2 
 .text.time_us_64
                0x10001a38       0x10 CMakeFiles/pwm_motor_control.dir/C_/Users/Jcjon/pico-sdk/src/rp2_common/hardware_timer/timer.c.obj
                0x10001a38                time_us_64
 .text.busy_wait_us
                0x10001a48       0x14 CMakeFiles/pwm_motor_control.dir/C_/Users/Jcjon/pico-sdk/src/rp2_common/hardware_timer/timer.c.obj
                0x10001a48                busy_wait_us
 .text.busy_wait_until
                0x10001a5c       0x14 CMakeFiles/pwm_motor_control.dir/C_/Users/Jcjon/pico-sdk/src/rp2_common/hardware_timer/timer.c.obj
                0x10001a5c                busy_wait_until
 .text.uart_unreset
                0x10001a70       0x2c CMakeFiles/pwm_motor_control.dir/C_/Users/Jcjon/pico-sdk/src/rp2_common/hardware_uart/uart.c.obj
 .text.uart_disable_before_lcr_write
                0x10001a9c       0x48 CMakeFiles/pwm_motor_control.dir/C_/Users/Jcjon/pico-sdk/src/rp2_common/hardware_uart/uart.c.obj
 .text.uart_write_lcr_bits_masked
                0x10001ae4       0x20 CMakeFiles/pwm_motor_control.dir/C_/Users/Jcjon/pico-sdk/src/rp2_common/hardware_uart/uart.c.obj
 .text.uart_set_baudrate
                0x10001b04       0x5c CMakeFiles/pwm_motor_control.dir/C_/Users/Jcjon/pico-sdk/src/rp2_common/hardware_uart/uart.c.obj
                0x10001b04                uart_set_baudrate
 .text.uart_set_translate_crlf
                0x10001b60       0x28 CMakeFiles/pwm_motor_control.dir/C_/Users/Jcjon/pico-sdk/src/rp2_common/hardware_uart/uart.c.obj
                0x10001b60                uart_set_translate_crlf
 .text.uart_init
                0x10001b88       0x64 CMakeFiles/pwm_motor_control.dir/C_/Users/Jcjon/pico-sdk/src/rp2_common/hardware_uart/uart.c.obj
                0x10001b88                uart_init
 .text.clock_configure_internal
                0x10001bec       0xc4 CMakeFiles/pwm_motor_control.dir/C_/Users/Jcjon/pico-sdk/src/rp2_common/hardware_clocks/clocks.c.obj
 .text.clock_configure_int_divider
                0x10001cb0       0x28 CMakeFiles/pwm_motor_control.dir/C_/Users/Jcjon/pico-sdk/src/rp2_common/hardware_clocks/clocks.c.obj
                0x10001cb0                clock_configure_int_divider
 .text.clock_configure_undivided
                0x10001cd8       0x12 CMakeFiles/pwm_motor_control.dir/C_/Users/Jcjon/pico-sdk/src/rp2_common/hardware_clocks/clocks.c.obj
                0x10001cd8                clock_configure_undivided
 *fill*         0x10001cea        0x2 
 .text.clock_get_hz
                0x10001cec        0xc CMakeFiles/pwm_motor_control.dir/C_/Users/Jcjon/pico-sdk/src/rp2_common/hardware_clocks/clocks.c.obj
                0x10001cec                clock_get_hz
 .text.pll_init
                0x10001cf8      0x124 CMakeFiles/pwm_motor_control.dir/C_/Users/Jcjon/pico-sdk/src/rp2_common/hardware_pll/pll.c.obj
                0x10001cf8                pll_init
 .text.watchdog_update
                0x10001e1c       0x14 CMakeFiles/pwm_motor_control.dir/C_/Users/Jcjon/pico-sdk/src/rp2_common/hardware_watchdog/watchdog.c.obj
                0x10001e1c                watchdog_update
 .text._watchdog_enable
                0x10001e30       0x7c CMakeFiles/pwm_motor_control.dir/C_/Users/Jcjon/pico-sdk/src/rp2_common/hardware_watchdog/watchdog.c.obj
                0x10001e30                _watchdog_enable
 .text.watchdog_reboot
                0x10001eac       0x48 CMakeFiles/pwm_motor_control.dir/C_/Users/Jcjon/pico-sdk/src/rp2_common/hardware_watchdog/watchdog.c.obj
                0x10001eac                watchdog_reboot
 .text.tick_start
                0x10001ef4       0x10 CMakeFiles/pwm_motor_control.dir/C_/Users/Jcjon/pico-sdk/src/rp2_common/hardware_ticks/ticks.c.obj
                0x10001ef4                tick_start
 .text.rom_func_lookup
                0x10001f04       0x10 CMakeFiles/pwm_motor_control.dir/C_/Users/Jcjon/pico-sdk/src/rp2_common/pico_bootrom/bootrom.c.obj
                0x10001f04                rom_func_lookup
 .text.rom_data_lookup
                0x10001f14       0x10 CMakeFiles/pwm_motor_control.dir/C_/Users/Jcjon/pico-sdk/src/rp2_common/pico_bootrom/bootrom.c.obj
                0x10001f14                rom_data_lookup
 .text.rom_funcs_lookup
                0x10001f24       0x36 CMakeFiles/pwm_motor_control.dir/C_/Users/Jcjon/pico-sdk/src/rp2_common/pico_bootrom/bootrom.c.obj
                0x10001f24                rom_funcs_lookup
 *fill*         0x10001f5a        0x2 
 .text.rom_reset_usb_boot_extra
                0x10001f5c       0x24 CMakeFiles/pwm_motor_control.dir/C_/Users/Jcjon/pico-sdk/src/rp2_common/pico_bootrom/bootrom.c.obj
                0x10001f5c                rom_reset_usb_boot_extra
 .text.xosc_init
                0x10001f80       0x28 CMakeFiles/pwm_motor_control.dir/C_/Users/Jcjon/pico-sdk/src/rp2_common/hardware_xosc/xosc.c.obj
                0x10001f80                xosc_init
 .text.runtime_run_initializers_from
                0x10001fa8       0x18 CMakeFiles/pwm_motor_control.dir/C_/Users/Jcjon/pico-sdk/src/rp2_common/pico_runtime/runtime.c.obj
 .text.first_per_core_initializer
                0x10001fc0        0x2 CMakeFiles/pwm_motor_control.dir/C_/Users/Jcjon/pico-sdk/src/rp2_common/pico_runtime/runtime.c.obj
 *fill*         0x10001fc2        0x2 
 .text.runtime_run_initializers
                0x10001fc4       0x10 CMakeFiles/pwm_motor_control.dir/C_/Users/Jcjon/pico-sdk/src/rp2_common/pico_runtime/runtime.c.obj
                0x10001fc4                runtime_run_initializers
 .text.runtime_init_early_resets
                0x10001fd4       0x2c CMakeFiles/pwm_motor_control.dir/C_/Users/Jcjon/pico-sdk/src/rp2_common/pico_runtime_init/runtime_init.c.obj
                0x10001fd4                runtime_init_early_resets
 .text.runtime_init_usb_power_down
                0x10002000       0x1c CMakeFiles/pwm_motor_control.dir/C_/Users/Jcjon/pico-sdk/src/rp2_common/pico_runtime_init/runtime_init.c.obj
                0x10002000                runtime_init_usb_power_down
 .text.runtime_init_post_clock_resets
                0x1000201c       0x20 CMakeFiles/pwm_motor_control.dir/C_/Users/Jcjon/pico-sdk/src/rp2_common/pico_runtime_init/runtime_init.c.obj
                0x1000201c                runtime_init_post_clock_resets
 .text.runtime_init_rp2040_gpio_ie_disable
                0x1000203c       0x14 CMakeFiles/pwm_motor_control.dir/C_/Users/Jcjon/pico-sdk/src/rp2_common/pico_runtime_init/runtime_init.c.obj
                0x1000203c                runtime_init_rp2040_gpio_ie_disable
 .text.runtime_init_spin_locks_reset
                0x10002050        0x8 CMakeFiles/pwm_motor_control.dir/C_/Users/Jcjon/pico-sdk/src/rp2_common/pico_runtime_init/runtime_init.c.obj
                0x10002050                runtime_init_spin_locks_reset
 .text.runtime_init_install_ram_vector_table
                0x10002058       0x1c CMakeFiles/pwm_motor_control.dir/C_/Users/Jcjon/pico-sdk/src/rp2_common/pico_runtime_init/runtime_init.c.obj
                0x10002058                runtime_init_install_ram_vector_table
 .text.start_all_ticks
                0x10002074       0x28 CMakeFiles/pwm_motor_control.dir/C_/Users/Jcjon/pico-sdk/src/rp2_common/pico_runtime_init/runtime_init_clocks.c.obj
 .text.runtime_init_clocks
                0x1000209c       0xcc CMakeFiles/pwm_motor_control.dir/C_/Users/Jcjon/pico-sdk/src/rp2_common/pico_runtime_init/runtime_init_clocks.c.obj
                0x1000209c                runtime_init_clocks
 .text          0x10002168       0x10 CMakeFiles/pwm_motor_control.dir/C_/Users/Jcjon/pico-sdk/src/rp2_common/pico_bit_ops/bit_ops_aeabi.S.obj
 .text.ctzsi    0x10002178        0xc CMakeFiles/pwm_motor_control.dir/C_/Users/Jcjon/pico-sdk/src/rp2_common/pico_bit_ops/bit_ops_aeabi.S.obj
                0x10002178                __wrap___ctzsi2
 .text.__wrap___aeabi_idiv
                0x10002184       0x50 CMakeFiles/pwm_motor_control.dir/C_/Users/Jcjon/pico-sdk/src/rp2_common/pico_divider/divider_hardware.S.obj
                0x10002184                __wrap___aeabi_idivmod
                0x10002184                divmod_s32s32
                0x10002184                div_s32s32
                0x10002184                __wrap___aeabi_idiv
                0x1000218c                divmod_s32s32_unsafe
                0x100021b8                divmod_s32s32_savestate
 .text.__wrap___aeabi_uidiv
                0x100021d4       0x4c CMakeFiles/pwm_motor_control.dir/C_/Users/Jcjon/pico-sdk/src/rp2_common/pico_divider/divider_hardware.S.obj
                0x100021d4                __wrap___aeabi_uidiv
                0x100021d4                __wrap___aeabi_uidivmod
                0x100021d4                div_u32u32
                0x100021d4                divmod_u32u32
                0x100021dc                divmod_u32u32_unsafe
                0x10002204                divmod_u32u32_savestate
 .text.__wrap___aeabi_ldiv
                0x10002220      0x424 CMakeFiles/pwm_motor_control.dir/C_/Users/Jcjon/pico-sdk/src/rp2_common/pico_divider/divider_hardware.S.obj
                0x10002220                div_s64s64
                0x10002220                divmod_s64s64
                0x10002220                __wrap___aeabi_ldivmod
                0x10002250                divmod_u64u64
                0x10002250                div_u64u64
                0x10002250                __wrap___aeabi_uldivmod
                0x10002260                divmod_u64u64_savestate
                0x10002280                divmod_s64s64_unsafe
                0x10002308                divmod_u64u64_unsafe
 .text.__wrap___aeabi_darithmetic
                0x10002644       0x60 CMakeFiles/pwm_motor_control.dir/C_/Users/Jcjon/pico-sdk/src/rp2_common/pico_double/double_aeabi_rp2040.S.obj
                0x10002644                __wrap___aeabi_drsub
                0x1000264a                __wrap___aeabi_dsub
                0x10002654                __wrap___aeabi_dadd
                0x1000265e                __wrap___aeabi_ddiv
                0x10002692                __wrap___aeabi_dmul
 .text.__wrap___aeabi_cdcmple
                0x100026a4       0x6c CMakeFiles/pwm_motor_control.dir/C_/Users/Jcjon/pico-sdk/src/rp2_common/pico_double/double_aeabi_rp2040.S.obj
                0x100026a4                __wrap___aeabi_cdrcmple
                0x100026b4                __wrap___aeabi_cdcmpeq
                0x100026b4                __wrap___aeabi_cdcmple
 .text.__wrap___aeabi_dcmplt
                0x10002710        0xc CMakeFiles/pwm_motor_control.dir/C_/Users/Jcjon/pico-sdk/src/rp2_common/pico_double/double_aeabi_rp2040.S.obj
                0x10002710                __wrap___aeabi_dcmplt
 .text.__wrap___aeabi_dcmple
                0x1000271c       0x10 CMakeFiles/pwm_motor_control.dir/C_/Users/Jcjon/pico-sdk/src/rp2_common/pico_double/double_aeabi_rp2040.S.obj
                0x1000271c                __wrap___aeabi_dcmple
 .text.__wrap___aeabi_dcmpge
                0x1000272c       0x10 CMakeFiles/pwm_motor_control.dir/C_/Users/Jcjon/pico-sdk/src/rp2_common/pico_double/double_aeabi_rp2040.S.obj
                0x1000272c                __wrap___aeabi_dcmpge
 .text.__wrap___aeabi_dcmpgt
                0x1000273c        0xa CMakeFiles/pwm_motor_control.dir/C_/Users/Jcjon/pico-sdk/src/rp2_common/pico_double/double_aeabi_rp2040.S.obj
                0x1000273c                __wrap___aeabi_dcmpgt
 .text.__wrap___aeabi_dcmpun
                0x10002746       0x18 CMakeFiles/pwm_motor_control.dir/C_/Users/Jcjon/pico-sdk/src/rp2_common/pico_double/double_aeabi_rp2040.S.obj
                0x10002746                __wrap___aeabi_dcmpun
 *fill*         0x1000275e        0x2 
 .text.__wrap___aeabi_i2d
                0x10002760       0x38 CMakeFiles/pwm_motor_control.dir/C_/Users/Jcjon/pico-sdk/src/rp2_common/pico_double/double_aeabi_rp2040.S.obj
                0x10002760                __wrap___aeabi_ui2d
                0x10002768                __wrap___aeabi_i2d
 .text.__wrap___aeabi_d2iz
                0x10002798       0x48 CMakeFiles/pwm_motor_control.dir/C_/Users/Jcjon/pico-sdk/src/rp2_common/pico_double/double_aeabi_rp2040.S.obj
                0x10002798                double2int_z
                0x10002798                __wrap___aeabi_d2iz
 .text.__wrap___aeabi_d2uiz
                0x100027e0       0x10 CMakeFiles/pwm_motor_control.dir/C_/Users/Jcjon/pico-sdk/src/rp2_common/pico_double/double_aeabi_rp2040.S.obj
                0x100027e0                __wrap___aeabi_d2uiz
                0x100027e0                double2uint
 .text.missing_double_func_shim
                0x100027f0        0xc CMakeFiles/pwm_motor_control.dir/C_/Users/Jcjon/pico-sdk/src/rp2_common/pico_double/double_init_rom_rp2040.c.obj
 .text.__aeabi_double_init
                0x100027fc       0xd0 CMakeFiles/pwm_motor_control.dir/C_/Users/Jcjon/pico-sdk/src/rp2_common/pico_double/double_init_rom_rp2040.c.obj
                0x100027fc                __aeabi_double_init
 .text.double_table_shim_on_use_helper
                0x100028cc       0x34 CMakeFiles/pwm_motor_control.dir/C_/Users/Jcjon/pico-sdk/src/rp2_common/pico_double/double_v1_rom_shim_rp2040.S.obj
                0x100028cc                double_table_shim_on_use_helper
 .text.__aeabi_lmul
                0x10002900       0x32 CMakeFiles/pwm_motor_control.dir/C_/Users/Jcjon/pico-sdk/src/rp2_common/pico_int64_ops/pico_int64_ops_aeabi.S.obj
                0x10002900                __wrap___aeabi_lmul
 *fill*         0x10002932        0x2 
 .text.missing_float_func_shim
                0x10002934        0xc CMakeFiles/pwm_motor_control.dir/C_/Users/Jcjon/pico-sdk/src/rp2_common/pico_float/float_init_rom_rp2040.c.obj
 .text.__aeabi_float_init
                0x10002940       0x88 CMakeFiles/pwm_motor_control.dir/C_/Users/Jcjon/pico-sdk/src/rp2_common/pico_float/float_init_rom_rp2040.c.obj
                0x10002940                __aeabi_float_init
 .text          0x100029c8       0x10 CMakeFiles/pwm_motor_control.dir/C_/Users/Jcjon/pico-sdk/src/rp2_common/pico_mem_ops/mem_ops_aeabi.S.obj
                0x100029c8                __aeabi_mem_init
 .text.memset   0x100029d8        0xc CMakeFiles/pwm_motor_control.dir/C_/Users/Jcjon/pico-sdk/src/rp2_common/pico_mem_ops/mem_ops_aeabi.S.obj
                0x100029d8                __wrap_memset
 .text.memcpy   0x100029e4        0xc CMakeFiles/pwm_motor_control.dir/C_/Users/Jcjon/pico-sdk/src/rp2_common/pico_mem_ops/mem_ops_aeabi.S.obj
                0x100029e4                __wrap_memcpy
                0x100029e4                __wrap___aeabi_memcpy
 .text._out_null
                0x100029f0        0x2 CMakeFiles/pwm_motor_control.dir/C_/Users/Jcjon/pico-sdk/src/rp2_common/pico_printf/printf.c.obj
 .text._out_fct
                0x100029f2        0xe CMakeFiles/pwm_motor_control.dir/C_/Users/Jcjon/pico-sdk/src/rp2_common/pico_printf/printf.c.obj
 .text._atoi    0x10002a00       0x24 CMakeFiles/pwm_motor_control.dir/C_/Users/Jcjon/pico-sdk/src/rp2_common/pico_printf/printf.c.obj
 .text._out_rev
                0x10002a24       0xb0 CMakeFiles/pwm_motor_control.dir/C_/Users/Jcjon/pico-sdk/src/rp2_common/pico_printf/printf.c.obj
 .text._ntoa_format
                0x10002ad4      0x10e CMakeFiles/pwm_motor_control.dir/C_/Users/Jcjon/pico-sdk/src/rp2_common/pico_printf/printf.c.obj
 .text._ntoa_long
                0x10002be2       0xbc CMakeFiles/pwm_motor_control.dir/C_/Users/Jcjon/pico-sdk/src/rp2_common/pico_printf/printf.c.obj
 .text._ntoa_long_long
                0x10002c9e      0x10e CMakeFiles/pwm_motor_control.dir/C_/Users/Jcjon/pico-sdk/src/rp2_common/pico_printf/printf.c.obj
 .text._etoa    0x10002dac      0x424 CMakeFiles/pwm_motor_control.dir/C_/Users/Jcjon/pico-sdk/src/rp2_common/pico_printf/printf.c.obj
 .text._ftoa    0x100031d0      0x348 CMakeFiles/pwm_motor_control.dir/C_/Users/Jcjon/pico-sdk/src/rp2_common/pico_printf/printf.c.obj
 .text._vsnprintf
                0x10003518      0x6a4 CMakeFiles/pwm_motor_control.dir/C_/Users/Jcjon/pico-sdk/src/rp2_common/pico_printf/printf.c.obj
 .text.vfctprintf
                0x10003bbc       0x24 CMakeFiles/pwm_motor_control.dir/C_/Users/Jcjon/pico-sdk/src/rp2_common/pico_printf/printf.c.obj
                0x10003bbc                vfctprintf
 .text._exit    0x10003be0        0x4 CMakeFiles/pwm_motor_control.dir/C_/Users/Jcjon/pico-sdk/src/rp2_common/pico_clib_interface/newlib_interface.c.obj
                0x10003be0                _exit
 .text.exit     0x10003be4        0x6 CMakeFiles/pwm_motor_control.dir/C_/Users/Jcjon/pico-sdk/src/rp2_common/pico_clib_interface/newlib_interface.c.obj
                0x10003be4                exit
 *fill*         0x10003bea        0x2 
 .text.__assert_func
                0x10003bec       0x38 CMakeFiles/pwm_motor_control.dir/C_/Users/Jcjon/pico-sdk/src/rp2_common/pico_clib_interface/newlib_interface.c.obj
                0x10003bec                __assert_func
 .text.runtime_init
                0x10003c24       0x28 CMakeFiles/pwm_motor_control.dir/C_/Users/Jcjon/pico-sdk/src/rp2_common/pico_clib_interface/newlib_interface.c.obj
                0x10003c24                runtime_init
 .text.stdio_out_chars_no_crlf
                0x10003c4c        0xe CMakeFiles/pwm_motor_control.dir/C_/Users/Jcjon/pico-sdk/src/rp2_common/pico_stdio/stdio.c.obj
 *fill*         0x10003c5a        0x2 
 .text.stdio_out_chars_crlf
                0x10003c5c       0x80 CMakeFiles/pwm_motor_control.dir/C_/Users/Jcjon/pico-sdk/src/rp2_common/pico_stdio/stdio.c.obj
 .text.stdio_stack_buffer_flush
                0x10003cdc       0x44 CMakeFiles/pwm_motor_control.dir/C_/Users/Jcjon/pico-sdk/src/rp2_common/pico_stdio/stdio.c.obj
 .text.stdio_buffered_printer
                0x10003d20       0x20 CMakeFiles/pwm_motor_control.dir/C_/Users/Jcjon/pico-sdk/src/rp2_common/pico_stdio/stdio.c.obj
 .text.stdout_serialize_begin
                0x10003d40       0x30 CMakeFiles/pwm_motor_control.dir/C_/Users/Jcjon/pico-sdk/src/rp2_common/pico_stdio/stdio.c.obj
                0x10003d40                stdout_serialize_begin
 .text.stdout_serialize_end
                0x10003d70       0x10 CMakeFiles/pwm_motor_control.dir/C_/Users/Jcjon/pico-sdk/src/rp2_common/pico_stdio/stdio.c.obj
                0x10003d70                stdout_serialize_end
 .text.stdio_put_string
                0x10003d80       0x94 CMakeFiles/pwm_motor_control.dir/C_/Users/Jcjon/pico-sdk/src/rp2_common/pico_stdio/stdio.c.obj
                0x10003d80                stdio_put_string
 .text.stdio_set_driver_enabled
                0x10003e14       0x30 CMakeFiles/pwm_motor_control.dir/C_/Users/Jcjon/pico-sdk/src/rp2_common/pico_stdio/stdio.c.obj
                0x10003e14                stdio_set_driver_enabled
 .text.stdio_flush
                0x10003e44       0x20 CMakeFiles/pwm_motor_control.dir/C_/Users/Jcjon/pico-sdk/src/rp2_common/pico_stdio/stdio.c.obj
                0x10003e44                stdio_flush
 .text.stdio_init_all
                0x10003e64        0xe CMakeFiles/pwm_motor_control.dir/C_/Users/Jcjon/pico-sdk/src/rp2_common/pico_stdio/stdio.c.obj
                0x10003e64                stdio_init_all
 .text.__wrap_puts
                0x10003e72       0x1e CMakeFiles/pwm_motor_control.dir/C_/Users/Jcjon/pico-sdk/src/rp2_common/pico_stdio/stdio.c.obj
                0x10003e72                stdio_puts
                0x10003e72                __wrap_puts
 .text.__wrap_vprintf
                0x10003e90       0x40 CMakeFiles/pwm_motor_control.dir/C_/Users/Jcjon/pico-sdk/src/rp2_common/pico_stdio/stdio.c.obj
                0x10003e90                stdio_vprintf
                0x10003e90                __wrap_vprintf
 .text.__wrap_printf
                0x10003ed0       0x18 CMakeFiles/pwm_motor_control.dir/C_/Users/Jcjon/pico-sdk/src/rp2_common/pico_stdio/stdio.c.obj
                0x10003ed0                __wrap_printf
                0x10003ed0                stdio_printf
 .text.uart_putc
                0x10003ee8       0x60 CMakeFiles/pwm_motor_control.dir/C_/Users/Jcjon/pico-sdk/src/rp2_common/pico_stdio_uart/stdio_uart.c.obj
 .text.uart_getc
                0x10003f48       0x24 CMakeFiles/pwm_motor_control.dir/C_/Users/Jcjon/pico-sdk/src/rp2_common/pico_stdio_uart/stdio_uart.c.obj
 .text.stdio_uart_out_chars
                0x10003f6c       0x20 CMakeFiles/pwm_motor_control.dir/C_/Users/Jcjon/pico-sdk/src/rp2_common/pico_stdio_uart/stdio_uart.c.obj
 .text.stdio_uart_in_chars
                0x10003f8c       0x5c CMakeFiles/pwm_motor_control.dir/C_/Users/Jcjon/pico-sdk/src/rp2_common/pico_stdio_uart/stdio_uart.c.obj
                0x10003f8c                stdio_uart_in_chars
 .text.on_uart_rx
                0x10003fe8       0x28 CMakeFiles/pwm_motor_control.dir/C_/Users/Jcjon/pico-sdk/src/rp2_common/pico_stdio_uart/stdio_uart.c.obj
 .text.stdio_uart_out_flush
                0x10004010       0x10 CMakeFiles/pwm_motor_control.dir/C_/Users/Jcjon/pico-sdk/src/rp2_common/pico_stdio_uart/stdio_uart.c.obj
 .text.stdio_uart_set_chars_available_callback
                0x10004020       0x90 CMakeFiles/pwm_motor_control.dir/C_/Users/Jcjon/pico-sdk/src/rp2_common/pico_stdio_uart/stdio_uart.c.obj
 .text.stdio_uart_init_full
                0x100040b0       0x44 CMakeFiles/pwm_motor_control.dir/C_/Users/Jcjon/pico-sdk/src/rp2_common/pico_stdio_uart/stdio_uart.c.obj
                0x100040b0                stdio_uart_init_full
 .text.stdio_uart_init
                0x100040f4       0x30 CMakeFiles/pwm_motor_control.dir/C_/Users/Jcjon/pico-sdk/src/rp2_common/pico_stdio_uart/stdio_uart.c.obj
                0x100040f4                stdio_uart_init
 .text.resetd_init
                0x10004124        0x2 CMakeFiles/pwm_motor_control.dir/C_/Users/Jcjon/pico-sdk/src/rp2_common/pico_stdio_usb/reset_interface.c.obj
 *fill*         0x10004126        0x2 
 .text.resetd_reset
                0x10004128        0xc CMakeFiles/pwm_motor_control.dir/C_/Users/Jcjon/pico-sdk/src/rp2_common/pico_stdio_usb/reset_interface.c.obj
 .text.resetd_open
                0x10004134       0x34 CMakeFiles/pwm_motor_control.dir/C_/Users/Jcjon/pico-sdk/src/rp2_common/pico_stdio_usb/reset_interface.c.obj
 .text.resetd_xfer_cb
                0x10004168        0x4 CMakeFiles/pwm_motor_control.dir/C_/Users/Jcjon/pico-sdk/src/rp2_common/pico_stdio_usb/reset_interface.c.obj
 .text.resetd_control_xfer_cb
                0x1000416c       0x60 CMakeFiles/pwm_motor_control.dir/C_/Users/Jcjon/pico-sdk/src/rp2_common/pico_stdio_usb/reset_interface.c.obj
 .text.tud_descriptor_bos_cb
                0x100041cc        0x8 CMakeFiles/pwm_motor_control.dir/C_/Users/Jcjon/pico-sdk/src/rp2_common/pico_stdio_usb/reset_interface.c.obj
                0x100041cc                tud_descriptor_bos_cb
 .text.tud_vendor_control_xfer_cb
                0x100041d4       0x38 CMakeFiles/pwm_motor_control.dir/C_/Users/Jcjon/pico-sdk/src/rp2_common/pico_stdio_usb/reset_interface.c.obj
                0x100041d4                tud_vendor_control_xfer_cb
 .text.usbd_app_driver_get_cb
                0x1000420c        0xc CMakeFiles/pwm_motor_control.dir/C_/Users/Jcjon/pico-sdk/src/rp2_common/pico_stdio_usb/reset_interface.c.obj
                0x1000420c                usbd_app_driver_get_cb
 .text.tud_cdc_line_coding_cb
                0x10004218       0x2c CMakeFiles/pwm_motor_control.dir/C_/Users/Jcjon/pico-sdk/src/rp2_common/pico_stdio_usb/reset_interface.c.obj
                0x10004218                tud_cdc_line_coding_cb
 .text.stdio_usb_set_chars_available_callback
                0x10004244       0x14 CMakeFiles/pwm_motor_control.dir/C_/Users/Jcjon/pico-sdk/src/rp2_common/pico_stdio_usb/stdio_usb.c.obj
                0x10004244                stdio_usb_set_chars_available_callback
 .text.stdio_usb_out_flush
                0x10004258       0x4c CMakeFiles/pwm_motor_control.dir/C_/Users/Jcjon/pico-sdk/src/rp2_common/pico_stdio_usb/stdio_usb.c.obj
 .text.usb_irq  0x100042a4       0x10 CMakeFiles/pwm_motor_control.dir/C_/Users/Jcjon/pico-sdk/src/rp2_common/pico_stdio_usb/stdio_usb.c.obj
 .text.critical_section_enter_blocking
                0x100042b4       0x16 CMakeFiles/pwm_motor_control.dir/C_/Users/Jcjon/pico-sdk/src/rp2_common/pico_stdio_usb/stdio_usb.c.obj
 *fill*         0x100042ca        0x2 
 .text.timer_task
                0x100042cc       0x60 CMakeFiles/pwm_motor_control.dir/C_/Users/Jcjon/pico-sdk/src/rp2_common/pico_stdio_usb/stdio_usb.c.obj
 .text.alarm_pool_add_alarm_in_us
                0x1000432c       0x40 CMakeFiles/pwm_motor_control.dir/C_/Users/Jcjon/pico-sdk/src/rp2_common/pico_stdio_usb/stdio_usb.c.obj
 .text.add_alarm_in_us
                0x1000436c       0x2e CMakeFiles/pwm_motor_control.dir/C_/Users/Jcjon/pico-sdk/src/rp2_common/pico_stdio_usb/stdio_usb.c.obj
 *fill*         0x1000439a        0x2 
 .text.low_priority_worker_irq
                0x1000439c       0x9c CMakeFiles/pwm_motor_control.dir/C_/Users/Jcjon/pico-sdk/src/rp2_common/pico_stdio_usb/stdio_usb.c.obj
 .text.stdio_usb_init
                0x10004438       0xdc CMakeFiles/pwm_motor_control.dir/C_/Users/Jcjon/pico-sdk/src/rp2_common/pico_stdio_usb/stdio_usb.c.obj
                0x10004438                stdio_usb_init
 .text.stdio_usb_connected
                0x10004514        0xa CMakeFiles/pwm_motor_control.dir/C_/Users/Jcjon/pico-sdk/src/rp2_common/pico_stdio_usb/stdio_usb.c.obj
                0x10004514                stdio_usb_connected
 *fill*         0x1000451e        0x2 
 .text.stdio_usb_in_chars
                0x10004520       0x98 CMakeFiles/pwm_motor_control.dir/C_/Users/Jcjon/pico-sdk/src/rp2_common/pico_stdio_usb/stdio_usb.c.obj
                0x10004520                stdio_usb_in_chars
 .text.stdio_usb_out_chars
                0x100045b8       0xe8 CMakeFiles/pwm_motor_control.dir/C_/Users/Jcjon/pico-sdk/src/rp2_common/pico_stdio_usb/stdio_usb.c.obj
 .text.tud_descriptor_device_cb
                0x100046a0        0x8 CMakeFiles/pwm_motor_control.dir/C_/Users/Jcjon/pico-sdk/src/rp2_common/pico_stdio_usb/stdio_usb_descriptors.c.obj
                0x100046a0                tud_descriptor_device_cb
 .text.tud_descriptor_configuration_cb
                0x100046a8        0x8 CMakeFiles/pwm_motor_control.dir/C_/Users/Jcjon/pico-sdk/src/rp2_common/pico_stdio_usb/stdio_usb_descriptors.c.obj
                0x100046a8                tud_descriptor_configuration_cb
 .text.tud_descriptor_string_cb
                0x100046b0       0x6c CMakeFiles/pwm_motor_control.dir/C_/Users/Jcjon/pico-sdk/src/rp2_common/pico_stdio_usb/stdio_usb_descriptors.c.obj
                0x100046b0                tud_descriptor_string_cb
 .text._retrieve_unique_id_on_boot
                0x1000471c       0x10 CMakeFiles/pwm_motor_control.dir/C_/Users/Jcjon/pico-sdk/src/rp2_common/pico_unique_id/unique_id.c.obj
 .text.pico_get_unique_board_id
                0x1000472c       0x10 CMakeFiles/pwm_motor_control.dir/C_/Users/Jcjon/pico-sdk/src/rp2_common/pico_unique_id/unique_id.c.obj
                0x1000472c                pico_get_unique_board_id
 .text.pico_get_unique_board_id_string
                0x1000473c       0x58 CMakeFiles/pwm_motor_control.dir/C_/Users/Jcjon/pico-sdk/src/rp2_common/pico_unique_id/unique_id.c.obj
                0x1000473c                pico_get_unique_board_id_string
 .text.flash_get_unique_id
                0x10004794       0x40 CMakeFiles/pwm_motor_control.dir/C_/Users/Jcjon/pico-sdk/src/rp2_common/hardware_flash/flash.c.obj
                0x10004794                flash_get_unique_id
 .text._hw_endpoint_alloc
                0x100047d4       0x70 CMakeFiles/pwm_motor_control.dir/C_/Users/Jcjon/pico-sdk/lib/tinyusb/src/portable/raspberrypi/rp2040/dcd_rp2040.c.obj
 .text.hw_endpoint_init
                0x10004844       0xc0 CMakeFiles/pwm_motor_control.dir/C_/Users/Jcjon/pico-sdk/lib/tinyusb/src/portable/raspberrypi/rp2040/dcd_rp2040.c.obj
 .text.hw_endpoint_xfer
                0x10004904       0x20 CMakeFiles/pwm_motor_control.dir/C_/Users/Jcjon/pico-sdk/lib/tinyusb/src/portable/raspberrypi/rp2040/dcd_rp2040.c.obj
 .text.dcd_int_enable
                0x10004924       0x2c CMakeFiles/pwm_motor_control.dir/C_/Users/Jcjon/pico-sdk/lib/tinyusb/src/portable/raspberrypi/rp2040/dcd_rp2040.c.obj
                0x10004924                dcd_int_enable
 .text.dcd_set_address
                0x10004950       0x2c CMakeFiles/pwm_motor_control.dir/C_/Users/Jcjon/pico-sdk/lib/tinyusb/src/portable/raspberrypi/rp2040/dcd_rp2040.c.obj
                0x10004950                dcd_set_address
 .text.dcd_connect
                0x1000497c       0x10 CMakeFiles/pwm_motor_control.dir/C_/Users/Jcjon/pico-sdk/lib/tinyusb/src/portable/raspberrypi/rp2040/dcd_rp2040.c.obj
                0x1000497c                dcd_connect
 .text.dcd_init
                0x1000498c       0x80 CMakeFiles/pwm_motor_control.dir/C_/Users/Jcjon/pico-sdk/lib/tinyusb/src/portable/raspberrypi/rp2040/dcd_rp2040.c.obj
                0x1000498c                dcd_init
 .text.dcd_sof_enable
                0x10004a0c       0x1c CMakeFiles/pwm_motor_control.dir/C_/Users/Jcjon/pico-sdk/lib/tinyusb/src/portable/raspberrypi/rp2040/dcd_rp2040.c.obj
                0x10004a0c                dcd_sof_enable
 .text.dcd_edpt0_status_complete
                0x10004a28       0x1c CMakeFiles/pwm_motor_control.dir/C_/Users/Jcjon/pico-sdk/lib/tinyusb/src/portable/raspberrypi/rp2040/dcd_rp2040.c.obj
                0x10004a28                dcd_edpt0_status_complete
 .text.dcd_edpt_open
                0x10004a44       0x40 CMakeFiles/pwm_motor_control.dir/C_/Users/Jcjon/pico-sdk/lib/tinyusb/src/portable/raspberrypi/rp2040/dcd_rp2040.c.obj
                0x10004a44                dcd_edpt_open
 .text.dcd_edpt_close_all
                0x10004a84        0x8 CMakeFiles/pwm_motor_control.dir/C_/Users/Jcjon/pico-sdk/lib/tinyusb/src/portable/raspberrypi/rp2040/dcd_rp2040.c.obj
                0x10004a84                dcd_edpt_close_all
 .text.dcd_edpt_xfer
                0x10004a8c       0x30 CMakeFiles/pwm_motor_control.dir/C_/Users/Jcjon/pico-sdk/lib/tinyusb/src/portable/raspberrypi/rp2040/dcd_rp2040.c.obj
                0x10004a8c                dcd_edpt_xfer
 .text.dcd_edpt_stall
                0x10004abc       0x3c CMakeFiles/pwm_motor_control.dir/C_/Users/Jcjon/pico-sdk/lib/tinyusb/src/portable/raspberrypi/rp2040/dcd_rp2040.c.obj
                0x10004abc                dcd_edpt_stall
 .text.dcd_edpt_clear_stall
                0x10004af8       0x30 CMakeFiles/pwm_motor_control.dir/C_/Users/Jcjon/pico-sdk/lib/tinyusb/src/portable/raspberrypi/rp2040/dcd_rp2040.c.obj
                0x10004af8                dcd_edpt_clear_stall
 .text.unaligned_memcpy
                0x10004b28       0x14 CMakeFiles/pwm_motor_control.dir/C_/Users/Jcjon/pico-sdk/lib/tinyusb/src/portable/raspberrypi/rp2040/rp2040_usb.c.obj
 .text.rp2040_usb_init
                0x10004b3c       0x44 CMakeFiles/pwm_motor_control.dir/C_/Users/Jcjon/pico-sdk/lib/tinyusb/src/portable/raspberrypi/rp2040/rp2040_usb.c.obj
                0x10004b3c                rp2040_usb_init
 .text.hw_endpoint_xfer_start
                0x10004b80       0x60 CMakeFiles/pwm_motor_control.dir/C_/Users/Jcjon/pico-sdk/lib/tinyusb/src/portable/raspberrypi/rp2040/rp2040_usb.c.obj
                0x10004b80                hw_endpoint_xfer_start
 .text.configuration_reset
                0x10004be0       0x84 CMakeFiles/pwm_motor_control.dir/C_/Users/Jcjon/pico-sdk/lib/tinyusb/src/device/usbd.c.obj
 .text.critical_section_enter_blocking
                0x10004c64       0x16 CMakeFiles/pwm_motor_control.dir/C_/Users/Jcjon/pico-sdk/lib/tinyusb/src/device/usbd.c.obj
 .text.usbd_reset
                0x10004c7a        0xc CMakeFiles/pwm_motor_control.dir/C_/Users/Jcjon/pico-sdk/lib/tinyusb/src/device/usbd.c.obj
 .text.invoke_class_control
                0x10004c86       0x1a CMakeFiles/pwm_motor_control.dir/C_/Users/Jcjon/pico-sdk/lib/tinyusb/src/device/usbd.c.obj
 .text.process_set_config
                0x10004ca0      0x1b0 CMakeFiles/pwm_motor_control.dir/C_/Users/Jcjon/pico-sdk/lib/tinyusb/src/device/usbd.c.obj
 .text.tud_event_hook_cb
                0x10004e50        0x2 CMakeFiles/pwm_motor_control.dir/C_/Users/Jcjon/pico-sdk/lib/tinyusb/src/device/usbd.c.obj
                0x10004e50                tud_event_hook_cb
 .text.tud_sof_cb
                0x10004e52        0x2 CMakeFiles/pwm_motor_control.dir/C_/Users/Jcjon/pico-sdk/lib/tinyusb/src/device/usbd.c.obj
                0x10004e52                tud_sof_cb
 .text.tud_descriptor_device_qualifier_cb
                0x10004e54        0x4 CMakeFiles/pwm_motor_control.dir/C_/Users/Jcjon/pico-sdk/lib/tinyusb/src/device/usbd.c.obj
                0x10004e54                tud_descriptor_device_qualifier_cb
 .text.tud_descriptor_other_speed_configuration_cb
                0x10004e58        0x4 CMakeFiles/pwm_motor_control.dir/C_/Users/Jcjon/pico-sdk/lib/tinyusb/src/device/usbd.c.obj
                0x10004e58                tud_descriptor_other_speed_configuration_cb
 .text.process_get_descriptor
                0x10004e5c       0xe0 CMakeFiles/pwm_motor_control.dir/C_/Users/Jcjon/pico-sdk/lib/tinyusb/src/device/usbd.c.obj
 .text.tud_mount_cb
                0x10004f3c        0x2 CMakeFiles/pwm_motor_control.dir/C_/Users/Jcjon/pico-sdk/lib/tinyusb/src/device/usbd.c.obj
                0x10004f3c                tud_mount_cb
 .text.tud_umount_cb
                0x10004f3e        0x2 CMakeFiles/pwm_motor_control.dir/C_/Users/Jcjon/pico-sdk/lib/tinyusb/src/device/usbd.c.obj
                0x10004f3e                tud_umount_cb
 .text.tud_suspend_cb
                0x10004f40        0x2 CMakeFiles/pwm_motor_control.dir/C_/Users/Jcjon/pico-sdk/lib/tinyusb/src/device/usbd.c.obj
                0x10004f40                tud_suspend_cb
 .text.tud_resume_cb
                0x10004f42        0x2 CMakeFiles/pwm_motor_control.dir/C_/Users/Jcjon/pico-sdk/lib/tinyusb/src/device/usbd.c.obj
                0x10004f42                tud_resume_cb
 .text.tud_mounted
                0x10004f44       0x10 CMakeFiles/pwm_motor_control.dir/C_/Users/Jcjon/pico-sdk/lib/tinyusb/src/device/usbd.c.obj
                0x10004f44                tud_mounted
 .text.tud_suspended
                0x10004f54       0x10 CMakeFiles/pwm_motor_control.dir/C_/Users/Jcjon/pico-sdk/lib/tinyusb/src/device/usbd.c.obj
                0x10004f54                tud_suspended
 .text.tud_inited
                0x10004f64       0x14 CMakeFiles/pwm_motor_control.dir/C_/Users/Jcjon/pico-sdk/lib/tinyusb/src/device/usbd.c.obj
                0x10004f64                tud_inited
 .text.tud_init
                0x10004f78       0xdc CMakeFiles/pwm_motor_control.dir/C_/Users/Jcjon/pico-sdk/lib/tinyusb/src/device/usbd.c.obj
                0x10004f78                tud_init
 .text.usbd_edpt_open
                0x10005054       0x60 CMakeFiles/pwm_motor_control.dir/C_/Users/Jcjon/pico-sdk/lib/tinyusb/src/device/usbd.c.obj
                0x10005054                usbd_edpt_open
 .text.usbd_open_edpt_pair
                0x100050b4       0x88 CMakeFiles/pwm_motor_control.dir/C_/Users/Jcjon/pico-sdk/lib/tinyusb/src/device/usbd.c.obj
                0x100050b4                usbd_open_edpt_pair
 .text.usbd_edpt_claim
                0x1000513c       0x28 CMakeFiles/pwm_motor_control.dir/C_/Users/Jcjon/pico-sdk/lib/tinyusb/src/device/usbd.c.obj
                0x1000513c                usbd_edpt_claim
 .text.usbd_edpt_release
                0x10005164       0x28 CMakeFiles/pwm_motor_control.dir/C_/Users/Jcjon/pico-sdk/lib/tinyusb/src/device/usbd.c.obj
                0x10005164                usbd_edpt_release
 .text.usbd_edpt_xfer
                0x1000518c       0x88 CMakeFiles/pwm_motor_control.dir/C_/Users/Jcjon/pico-sdk/lib/tinyusb/src/device/usbd.c.obj
                0x1000518c                usbd_edpt_xfer
 .text.usbd_edpt_stall
                0x10005214       0x34 CMakeFiles/pwm_motor_control.dir/C_/Users/Jcjon/pico-sdk/lib/tinyusb/src/device/usbd.c.obj
                0x10005214                usbd_edpt_stall
 .text.usbd_edpt_clear_stall
                0x10005248       0x34 CMakeFiles/pwm_motor_control.dir/C_/Users/Jcjon/pico-sdk/lib/tinyusb/src/device/usbd.c.obj
                0x10005248                usbd_edpt_clear_stall
 .text.usbd_edpt_stalled
                0x1000527c       0x1c CMakeFiles/pwm_motor_control.dir/C_/Users/Jcjon/pico-sdk/lib/tinyusb/src/device/usbd.c.obj
                0x1000527c                usbd_edpt_stalled
 .text.process_control_request
                0x10005298      0x388 CMakeFiles/pwm_motor_control.dir/C_/Users/Jcjon/pico-sdk/lib/tinyusb/src/device/usbd.c.obj
 .text.tud_task_ext
                0x10005620      0x1c8 CMakeFiles/pwm_motor_control.dir/C_/Users/Jcjon/pico-sdk/lib/tinyusb/src/device/usbd.c.obj
                0x10005620                tud_task_ext
 .text._status_stage_xact
                0x100057e8       0x1a CMakeFiles/pwm_motor_control.dir/C_/Users/Jcjon/pico-sdk/lib/tinyusb/src/device/usbd_control.c.obj
 *fill*         0x10005802        0x2 
 .text._data_stage_xact
                0x10005804       0x60 CMakeFiles/pwm_motor_control.dir/C_/Users/Jcjon/pico-sdk/lib/tinyusb/src/device/usbd_control.c.obj
 .text.tud_control_status
                0x10005864       0x28 CMakeFiles/pwm_motor_control.dir/C_/Users/Jcjon/pico-sdk/lib/tinyusb/src/device/usbd_control.c.obj
                0x10005864                tud_control_status
 .text.tud_control_xfer
                0x1000588c       0x98 CMakeFiles/pwm_motor_control.dir/C_/Users/Jcjon/pico-sdk/lib/tinyusb/src/device/usbd_control.c.obj
                0x1000588c                tud_control_xfer
 .text.usbd_control_reset
                0x10005924       0x14 CMakeFiles/pwm_motor_control.dir/C_/Users/Jcjon/pico-sdk/lib/tinyusb/src/device/usbd_control.c.obj
                0x10005924                usbd_control_reset
 .text.usbd_control_set_complete_callback
                0x10005938        0xc CMakeFiles/pwm_motor_control.dir/C_/Users/Jcjon/pico-sdk/lib/tinyusb/src/device/usbd_control.c.obj
                0x10005938                usbd_control_set_complete_callback
 .text.usbd_control_set_request
                0x10005944       0x1c CMakeFiles/pwm_motor_control.dir/C_/Users/Jcjon/pico-sdk/lib/tinyusb/src/device/usbd_control.c.obj
                0x10005944                usbd_control_set_request
 .text.usbd_control_xfer_cb
                0x10005960       0xe0 CMakeFiles/pwm_motor_control.dir/C_/Users/Jcjon/pico-sdk/lib/tinyusb/src/device/usbd_control.c.obj
                0x10005960                usbd_control_xfer_cb
 .text._prep_out_transaction
                0x10005a40       0x66 CMakeFiles/pwm_motor_control.dir/C_/Users/Jcjon/pico-sdk/lib/tinyusb/src/class/cdc/cdc_device.c.obj
 *fill*         0x10005aa6        0x2 
 .text.tud_cdc_n_connected
                0x10005aa8       0x38 CMakeFiles/pwm_motor_control.dir/C_/Users/Jcjon/pico-sdk/lib/tinyusb/src/class/cdc/cdc_device.c.obj
                0x10005aa8                tud_cdc_n_connected
 .text.tud_cdc_n_available
                0x10005ae0       0x18 CMakeFiles/pwm_motor_control.dir/C_/Users/Jcjon/pico-sdk/lib/tinyusb/src/class/cdc/cdc_device.c.obj
                0x10005ae0                tud_cdc_n_available
 .text.tud_cdc_n_read
                0x10005af8       0x38 CMakeFiles/pwm_motor_control.dir/C_/Users/Jcjon/pico-sdk/lib/tinyusb/src/class/cdc/cdc_device.c.obj
                0x10005af8                tud_cdc_n_read
 .text.tud_cdc_n_write_flush
                0x10005b30       0xbc CMakeFiles/pwm_motor_control.dir/C_/Users/Jcjon/pico-sdk/lib/tinyusb/src/class/cdc/cdc_device.c.obj
                0x10005b30                tud_cdc_n_write_flush
 .text.tud_cdc_n_write
                0x10005bec       0x48 CMakeFiles/pwm_motor_control.dir/C_/Users/Jcjon/pico-sdk/lib/tinyusb/src/class/cdc/cdc_device.c.obj
                0x10005bec                tud_cdc_n_write
 .text.tud_cdc_n_write_available
                0x10005c34       0x1c CMakeFiles/pwm_motor_control.dir/C_/Users/Jcjon/pico-sdk/lib/tinyusb/src/class/cdc/cdc_device.c.obj
                0x10005c34                tud_cdc_n_write_available
 .text.cdcd_init
                0x10005c50       0xc0 CMakeFiles/pwm_motor_control.dir/C_/Users/Jcjon/pico-sdk/lib/tinyusb/src/class/cdc/cdc_device.c.obj
                0x10005c50                cdcd_init
 .text.cdcd_deinit
                0x10005d10       0x50 CMakeFiles/pwm_motor_control.dir/C_/Users/Jcjon/pico-sdk/lib/tinyusb/src/class/cdc/cdc_device.c.obj
                0x10005d10                cdcd_deinit
 .text.cdcd_reset
                0x10005d60       0x78 CMakeFiles/pwm_motor_control.dir/C_/Users/Jcjon/pico-sdk/lib/tinyusb/src/class/cdc/cdc_device.c.obj
                0x10005d60                cdcd_reset
 .text.cdcd_open
                0x10005dd8       0xf0 CMakeFiles/pwm_motor_control.dir/C_/Users/Jcjon/pico-sdk/lib/tinyusb/src/class/cdc/cdc_device.c.obj
                0x10005dd8                cdcd_open
 .text.cdcd_control_xfer_cb
                0x10005ec8      0x130 CMakeFiles/pwm_motor_control.dir/C_/Users/Jcjon/pico-sdk/lib/tinyusb/src/class/cdc/cdc_device.c.obj
                0x10005ec8                cdcd_control_xfer_cb
 .text.cdcd_xfer_cb
                0x10005ff8      0x144 CMakeFiles/pwm_motor_control.dir/C_/Users/Jcjon/pico-sdk/lib/tinyusb/src/class/cdc/cdc_device.c.obj
                0x10005ff8                cdcd_xfer_cb
 .text.tud_vendor_n_mounted
                0x1000613c       0x40 CMakeFiles/pwm_motor_control.dir/C_/Users/Jcjon/pico-sdk/lib/tinyusb/src/class/vendor/vendor_device.c.obj
                0x1000613c                tud_vendor_n_mounted
 .text.tud_vendor_n_write_flush
                0x1000617c       0x24 CMakeFiles/pwm_motor_control.dir/C_/Users/Jcjon/pico-sdk/lib/tinyusb/src/class/vendor/vendor_device.c.obj
                0x1000617c                tud_vendor_n_write_flush
 .text.vendord_init
                0x100061a0       0x90 CMakeFiles/pwm_motor_control.dir/C_/Users/Jcjon/pico-sdk/lib/tinyusb/src/class/vendor/vendor_device.c.obj
                0x100061a0                vendord_init
 .text.vendord_deinit
                0x10006230       0x34 CMakeFiles/pwm_motor_control.dir/C_/Users/Jcjon/pico-sdk/lib/tinyusb/src/class/vendor/vendor_device.c.obj
                0x10006230                vendord_deinit
 .text.vendord_reset
                0x10006264       0x38 CMakeFiles/pwm_motor_control.dir/C_/Users/Jcjon/pico-sdk/lib/tinyusb/src/class/vendor/vendor_device.c.obj
                0x10006264                vendord_reset
 .text.vendord_open
                0x1000629c      0x164 CMakeFiles/pwm_motor_control.dir/C_/Users/Jcjon/pico-sdk/lib/tinyusb/src/class/vendor/vendor_device.c.obj
                0x1000629c                vendord_open
 .text.vendord_xfer_cb
                0x10006400       0xc0 CMakeFiles/pwm_motor_control.dir/C_/Users/Jcjon/pico-sdk/lib/tinyusb/src/class/vendor/vendor_device.c.obj
                0x10006400                vendord_xfer_cb
 .text.tusb_init
                0x100064c0       0x24 CMakeFiles/pwm_motor_control.dir/C_/Users/Jcjon/pico-sdk/lib/tinyusb/src/tusb.c.obj
                0x100064c0                tusb_init
 .text.tu_edpt_claim
                0x100064e4       0x50 CMakeFiles/pwm_motor_control.dir/C_/Users/Jcjon/pico-sdk/lib/tinyusb/src/tusb.c.obj
                0x100064e4                tu_edpt_claim
 .text.tu_edpt_release
                0x10006534       0x38 CMakeFiles/pwm_motor_control.dir/C_/Users/Jcjon/pico-sdk/lib/tinyusb/src/tusb.c.obj
                0x10006534                tu_edpt_release
 .text.tu_edpt_validate
                0x1000656c       0xac CMakeFiles/pwm_motor_control.dir/C_/Users/Jcjon/pico-sdk/lib/tinyusb/src/tusb.c.obj
                0x1000656c                tu_edpt_validate
 .text.tu_edpt_bind_driver
                0x10006618       0x26 CMakeFiles/pwm_motor_control.dir/C_/Users/Jcjon/pico-sdk/lib/tinyusb/src/tusb.c.obj
                0x10006618                tu_edpt_bind_driver
 .text.tu_edpt_stream_init
                0x1000663e       0x62 CMakeFiles/pwm_motor_control.dir/C_/Users/Jcjon/pico-sdk/lib/tinyusb/src/tusb.c.obj
                0x1000663e                tu_edpt_stream_init
 .text.tu_edpt_stream_deinit
                0x100066a0        0x4 CMakeFiles/pwm_motor_control.dir/C_/Users/Jcjon/pico-sdk/lib/tinyusb/src/tusb.c.obj
                0x100066a0                tu_edpt_stream_deinit
 .text.tu_edpt_stream_write_zlp_if_needed
                0x100066a4       0x80 CMakeFiles/pwm_motor_control.dir/C_/Users/Jcjon/pico-sdk/lib/tinyusb/src/tusb.c.obj
                0x100066a4                tu_edpt_stream_write_zlp_if_needed
 .text.tu_edpt_stream_write_xfer
                0x10006724       0x84 CMakeFiles/pwm_motor_control.dir/C_/Users/Jcjon/pico-sdk/lib/tinyusb/src/tusb.c.obj
                0x10006724                tu_edpt_stream_write_xfer
 .text.tu_edpt_stream_read_xfer
                0x100067a8       0xf4 CMakeFiles/pwm_motor_control.dir/C_/Users/Jcjon/pico-sdk/lib/tinyusb/src/tusb.c.obj
                0x100067a8                tu_edpt_stream_read_xfer
 .text.advance_index
                0x1000689c       0x1a CMakeFiles/pwm_motor_control.dir/C_/Users/Jcjon/pico-sdk/lib/tinyusb/src/common/tusb_fifo.c.obj
 .text._tu_fifo_peek
                0x100068b6       0x56 CMakeFiles/pwm_motor_control.dir/C_/Users/Jcjon/pico-sdk/lib/tinyusb/src/common/tusb_fifo.c.obj
 .text._ff_pull_n
                0x1000690c       0x68 CMakeFiles/pwm_motor_control.dir/C_/Users/Jcjon/pico-sdk/lib/tinyusb/src/common/tusb_fifo.c.obj
 .text._tu_fifo_peek_n
                0x10006974       0x6a CMakeFiles/pwm_motor_control.dir/C_/Users/Jcjon/pico-sdk/lib/tinyusb/src/common/tusb_fifo.c.obj
 .text._tu_fifo_read_n
                0x100069de       0x4e CMakeFiles/pwm_motor_control.dir/C_/Users/Jcjon/pico-sdk/lib/tinyusb/src/common/tusb_fifo.c.obj
 .text._ff_push_n
                0x10006a2c       0x68 CMakeFiles/pwm_motor_control.dir/C_/Users/Jcjon/pico-sdk/lib/tinyusb/src/common/tusb_fifo.c.obj
 .text._tu_fifo_write_n
                0x10006a94       0xf0 CMakeFiles/pwm_motor_control.dir/C_/Users/Jcjon/pico-sdk/lib/tinyusb/src/common/tusb_fifo.c.obj
 .text.tu_fifo_config
                0x10006b84       0x7c CMakeFiles/pwm_motor_control.dir/C_/Users/Jcjon/pico-sdk/lib/tinyusb/src/common/tusb_fifo.c.obj
                0x10006b84                tu_fifo_config
 .text.tu_fifo_count
                0x10006c00       0x2c CMakeFiles/pwm_motor_control.dir/C_/Users/Jcjon/pico-sdk/lib/tinyusb/src/common/tusb_fifo.c.obj
                0x10006c00                tu_fifo_count
 .text.tu_fifo_empty
                0x10006c2c        0xe CMakeFiles/pwm_motor_control.dir/C_/Users/Jcjon/pico-sdk/lib/tinyusb/src/common/tusb_fifo.c.obj
                0x10006c2c                tu_fifo_empty
 .text.tu_fifo_full
                0x10006c3a       0x2a CMakeFiles/pwm_motor_control.dir/C_/Users/Jcjon/pico-sdk/lib/tinyusb/src/common/tusb_fifo.c.obj
                0x10006c3a                tu_fifo_full
 .text.tu_fifo_remaining
                0x10006c64       0x2e CMakeFiles/pwm_motor_control.dir/C_/Users/Jcjon/pico-sdk/lib/tinyusb/src/common/tusb_fifo.c.obj
                0x10006c64                tu_fifo_remaining
 .text.tu_fifo_read
                0x10006c92       0x42 CMakeFiles/pwm_motor_control.dir/C_/Users/Jcjon/pico-sdk/lib/tinyusb/src/common/tusb_fifo.c.obj
                0x10006c92                tu_fifo_read
 .text.tu_fifo_read_n
                0x10006cd4        0xa CMakeFiles/pwm_motor_control.dir/C_/Users/Jcjon/pico-sdk/lib/tinyusb/src/common/tusb_fifo.c.obj
                0x10006cd4                tu_fifo_read_n
 .text.tu_fifo_write
                0x10006cde       0x64 CMakeFiles/pwm_motor_control.dir/C_/Users/Jcjon/pico-sdk/lib/tinyusb/src/common/tusb_fifo.c.obj
                0x10006cde                tu_fifo_write
 .text.tu_fifo_write_n
                0x10006d42        0xa CMakeFiles/pwm_motor_control.dir/C_/Users/Jcjon/pico-sdk/lib/tinyusb/src/common/tusb_fifo.c.obj
                0x10006d42                tu_fifo_write_n
 .text.tu_fifo_clear
                0x10006d4c       0x3e CMakeFiles/pwm_motor_control.dir/C_/Users/Jcjon/pico-sdk/lib/tinyusb/src/common/tusb_fifo.c.obj
                0x10006d4c                tu_fifo_clear
 .text.tu_fifo_set_overwritable
                0x10006d8a       0x46 CMakeFiles/pwm_motor_control.dir/C_/Users/Jcjon/pico-sdk/lib/tinyusb/src/common/tusb_fifo.c.obj
                0x10006d8a                tu_fifo_set_overwritable
 .text.cyw43_arch_set_async_context
                0x10006dd0        0xc CMakeFiles/pwm_motor_control.dir/C_/Users/Jcjon/pico-sdk/src/rp2_common/pico_cyw43_arch/cyw43_arch.c.obj
                0x10006dd0                cyw43_arch_set_async_context
 .text.cyw43_arch_gpio_put
                0x10006ddc       0x14 CMakeFiles/pwm_motor_control.dir/C_/Users/Jcjon/pico-sdk/src/rp2_common/pico_cyw43_arch/cyw43_arch.c.obj
                0x10006ddc                cyw43_arch_gpio_put
 .text.cyw43_arch_async_context
                0x10006df0        0xc CMakeFiles/pwm_motor_control.dir/C_/Users/Jcjon/pico-sdk/src/rp2_common/pico_cyw43_arch/cyw43_arch.c.obj
                0x10006df0                cyw43_arch_async_context
 .text.cyw43_arch_init_default_async_context
                0x10006dfc       0x20 CMakeFiles/pwm_motor_control.dir/C_/Users/Jcjon/pico-sdk/src/rp2_common/pico_cyw43_arch/cyw43_arch_threadsafe_background.c.obj
                0x10006dfc                cyw43_arch_init_default_async_context
 .text.cyw43_arch_deinit
                0x10006e1c       0x28 CMakeFiles/pwm_motor_control.dir/C_/Users/Jcjon/pico-sdk/src/rp2_common/pico_cyw43_arch/cyw43_arch_threadsafe_background.c.obj
                0x10006e1c                cyw43_arch_deinit
 .text.cyw43_arch_init
                0x10006e44       0x36 CMakeFiles/pwm_motor_control.dir/C_/Users/Jcjon/pico-sdk/src/rp2_common/pico_cyw43_arch/cyw43_arch_threadsafe_background.c.obj
                0x10006e44                cyw43_arch_init
 .text.pio_get_default_sm_config
                0x10006e7a       0x28 CMakeFiles/pwm_motor_control.dir/C_/Users/Jcjon/pico-sdk/src/rp2_common/pico_cyw43_driver/cyw43_bus_pio_spi.c.obj
 *fill*         0x10006ea2        0x2 
 .text.spi_gap01_sample0_program_get_default_config
                0x10006ea4       0x3c CMakeFiles/pwm_motor_control.dir/C_/Users/Jcjon/pico-sdk/src/rp2_common/pico_cyw43_driver/cyw43_bus_pio_spi.c.obj
 .text.cs_set   0x10006ee0       0x1c CMakeFiles/pwm_motor_control.dir/C_/Users/Jcjon/pico-sdk/src/rp2_common/pico_cyw43_driver/cyw43_bus_pio_spi.c.obj
 .text.channel_config_set_chain_to
                0x10006efc       0x30 CMakeFiles/pwm_motor_control.dir/C_/Users/Jcjon/pico-sdk/src/rp2_common/pico_cyw43_driver/cyw43_bus_pio_spi.c.obj
 .text.dma_channel_get_default_config
                0x10006f2c       0x74 CMakeFiles/pwm_motor_control.dir/C_/Users/Jcjon/pico-sdk/src/rp2_common/pico_cyw43_driver/cyw43_bus_pio_spi.c.obj
 .text.channel_config_set_dreq
                0x10006fa0       0x30 CMakeFiles/pwm_motor_control.dir/C_/Users/Jcjon/pico-sdk/src/rp2_common/pico_cyw43_driver/cyw43_bus_pio_spi.c.obj
 .text.start_spi_comms
                0x10006fd0       0x48 CMakeFiles/pwm_motor_control.dir/C_/Users/Jcjon/pico-sdk/src/rp2_common/pico_cyw43_driver/cyw43_bus_pio_spi.c.obj
 .text.ns_delay
                0x10007018       0x20 CMakeFiles/pwm_motor_control.dir/C_/Users/Jcjon/pico-sdk/src/rp2_common/pico_cyw43_driver/cyw43_bus_pio_spi.c.obj
 .text.stop_spi_comms
                0x10007038       0x10 CMakeFiles/pwm_motor_control.dir/C_/Users/Jcjon/pico-sdk/src/rp2_common/pico_cyw43_driver/cyw43_bus_pio_spi.c.obj
 .text.cyw43_spi_deinit
                0x10007048       0x64 CMakeFiles/pwm_motor_control.dir/C_/Users/Jcjon/pico-sdk/src/rp2_common/pico_cyw43_driver/cyw43_bus_pio_spi.c.obj
                0x10007048                cyw43_spi_deinit
 .text.cyw43_spi_init
                0x100070ac      0x214 CMakeFiles/pwm_motor_control.dir/C_/Users/Jcjon/pico-sdk/src/rp2_common/pico_cyw43_driver/cyw43_bus_pio_spi.c.obj
                0x100070ac                cyw43_spi_init
 .text.cyw43_spi_transfer
                0x100072c0      0x51c CMakeFiles/pwm_motor_control.dir/C_/Users/Jcjon/pico-sdk/src/rp2_common/pico_cyw43_driver/cyw43_bus_pio_spi.c.obj
                0x100072c0                cyw43_spi_transfer
 .text._cyw43_read_reg
                0x100077dc       0x50 CMakeFiles/pwm_motor_control.dir/C_/Users/Jcjon/pico-sdk/src/rp2_common/pico_cyw43_driver/cyw43_bus_pio_spi.c.obj
 .text._cyw43_write_reg
                0x1000782c       0x58 CMakeFiles/pwm_motor_control.dir/C_/Users/Jcjon/pico-sdk/src/rp2_common/pico_cyw43_driver/cyw43_bus_pio_spi.c.obj
 .text.cyw43_spi_gpio_setup
                0x10007884       0x3a CMakeFiles/pwm_motor_control.dir/C_/Users/Jcjon/pico-sdk/src/rp2_common/pico_cyw43_driver/cyw43_bus_pio_spi.c.obj
                0x10007884                cyw43_spi_gpio_setup
 .text.cyw43_spi_reset
                0x100078be       0x28 CMakeFiles/pwm_motor_control.dir/C_/Users/Jcjon/pico-sdk/src/rp2_common/pico_cyw43_driver/cyw43_bus_pio_spi.c.obj
                0x100078be                cyw43_spi_reset
 *fill*         0x100078e6        0x2 
 .text.read_reg_u32_swap
                0x100078e8       0x68 CMakeFiles/pwm_motor_control.dir/C_/Users/Jcjon/pico-sdk/src/rp2_common/pico_cyw43_driver/cyw43_bus_pio_spi.c.obj
                0x100078e8                read_reg_u32_swap
 .text.cyw43_read_reg_u32
                0x10007950        0xa CMakeFiles/pwm_motor_control.dir/C_/Users/Jcjon/pico-sdk/src/rp2_common/pico_cyw43_driver/cyw43_bus_pio_spi.c.obj
                0x10007950                cyw43_read_reg_u32
 .text.cyw43_read_reg_u16
                0x1000795a        0xa CMakeFiles/pwm_motor_control.dir/C_/Users/Jcjon/pico-sdk/src/rp2_common/pico_cyw43_driver/cyw43_bus_pio_spi.c.obj
                0x1000795a                cyw43_read_reg_u16
 .text.cyw43_read_reg_u8
                0x10007964        0xa CMakeFiles/pwm_motor_control.dir/C_/Users/Jcjon/pico-sdk/src/rp2_common/pico_cyw43_driver/cyw43_bus_pio_spi.c.obj
                0x10007964                cyw43_read_reg_u8
 *fill*         0x1000796e        0x2 
 .text.write_reg_u32_swap
                0x10007970       0x34 CMakeFiles/pwm_motor_control.dir/C_/Users/Jcjon/pico-sdk/src/rp2_common/pico_cyw43_driver/cyw43_bus_pio_spi.c.obj
                0x10007970                write_reg_u32_swap
 .text.cyw43_write_reg_u32
                0x100079a4       0x10 CMakeFiles/pwm_motor_control.dir/C_/Users/Jcjon/pico-sdk/src/rp2_common/pico_cyw43_driver/cyw43_bus_pio_spi.c.obj
                0x100079a4                cyw43_write_reg_u32
 .text.cyw43_write_reg_u16
                0x100079b4       0x10 CMakeFiles/pwm_motor_control.dir/C_/Users/Jcjon/pico-sdk/src/rp2_common/pico_cyw43_driver/cyw43_bus_pio_spi.c.obj
                0x100079b4                cyw43_write_reg_u16
 .text.cyw43_write_reg_u8
                0x100079c4       0x10 CMakeFiles/pwm_motor_control.dir/C_/Users/Jcjon/pico-sdk/src/rp2_common/pico_cyw43_driver/cyw43_bus_pio_spi.c.obj
                0x100079c4                cyw43_write_reg_u8
 .text.cyw43_read_bytes
                0x100079d4       0xfc CMakeFiles/pwm_motor_control.dir/C_/Users/Jcjon/pico-sdk/src/rp2_common/pico_cyw43_driver/cyw43_bus_pio_spi.c.obj
                0x100079d4                cyw43_read_bytes
 .text.cyw43_write_bytes
                0x10007ad0      0x124 CMakeFiles/pwm_motor_control.dir/C_/Users/Jcjon/pico-sdk/src/rp2_common/pico_cyw43_driver/cyw43_bus_pio_spi.c.obj
                0x10007ad0                cyw43_write_bytes
 .text.get_core_address
                0x10007bf4       0x1c CMakeFiles/pwm_motor_control.dir/C_/Users/Jcjon/pico-sdk/lib/cyw43-driver/src/cyw43_ll.c.obj
 .text.sdpcm_process_rx_packet
                0x10007c10      0x184 CMakeFiles/pwm_motor_control.dir/C_/Users/Jcjon/pico-sdk/lib/cyw43-driver/src/cyw43_ll.c.obj
 .text.cyw43_ll_wifi_parse_scan_result
                0x10007d94       0x9c CMakeFiles/pwm_motor_control.dir/C_/Users/Jcjon/pico-sdk/lib/cyw43-driver/src/cyw43_ll.c.obj
 .text.cyw43_ll_parse_async_event
                0x10007e30       0x8a CMakeFiles/pwm_motor_control.dir/C_/Users/Jcjon/pico-sdk/lib/cyw43-driver/src/cyw43_ll.c.obj
 *fill*         0x10007eba        0x2 
 .text.cyw43_kso_set
                0x10007ebc       0x98 CMakeFiles/pwm_motor_control.dir/C_/Users/Jcjon/pico-sdk/lib/cyw43-driver/src/cyw43_ll.c.obj
 .text.cyw43_ll_bus_sleep_helper
                0x10007f54        0xe CMakeFiles/pwm_motor_control.dir/C_/Users/Jcjon/pico-sdk/lib/cyw43-driver/src/cyw43_ll.c.obj
 *fill*         0x10007f62        0x2 
 .text.cyw43_read_reg
                0x10007f64       0x48 CMakeFiles/pwm_motor_control.dir/C_/Users/Jcjon/pico-sdk/lib/cyw43-driver/src/cyw43_ll.c.obj
 .text.cyw43_write_reg
                0x10007fac       0x4c CMakeFiles/pwm_motor_control.dir/C_/Users/Jcjon/pico-sdk/lib/cyw43-driver/src/cyw43_ll.c.obj
 .text.cyw43_set_backplane_window
                0x10007ff8       0x78 CMakeFiles/pwm_motor_control.dir/C_/Users/Jcjon/pico-sdk/lib/cyw43-driver/src/cyw43_ll.c.obj
 .text.cyw43_read_backplane
                0x10008070       0x30 CMakeFiles/pwm_motor_control.dir/C_/Users/Jcjon/pico-sdk/lib/cyw43-driver/src/cyw43_ll.c.obj
 .text.disable_device_core
                0x100080a0       0x3c CMakeFiles/pwm_motor_control.dir/C_/Users/Jcjon/pico-sdk/lib/cyw43-driver/src/cyw43_ll.c.obj
 .text.device_core_is_up
                0x100080dc       0x4c CMakeFiles/pwm_motor_control.dir/C_/Users/Jcjon/pico-sdk/lib/cyw43-driver/src/cyw43_ll.c.obj
 .text.cyw43_download_resource
                0x10008128       0xac CMakeFiles/pwm_motor_control.dir/C_/Users/Jcjon/pico-sdk/lib/cyw43-driver/src/cyw43_ll.c.obj
 .text.cyw43_write_backplane
                0x100081d4       0x34 CMakeFiles/pwm_motor_control.dir/C_/Users/Jcjon/pico-sdk/lib/cyw43-driver/src/cyw43_ll.c.obj
 .text.reset_device_core
                0x10008208       0x74 CMakeFiles/pwm_motor_control.dir/C_/Users/Jcjon/pico-sdk/lib/cyw43-driver/src/cyw43_ll.c.obj
 .text.cyw43_check_valid_chipset_firmware
                0x1000827c       0x7c CMakeFiles/pwm_motor_control.dir/C_/Users/Jcjon/pico-sdk/lib/cyw43-driver/src/cyw43_ll.c.obj
 .text.cyw43_ll_init
                0x100082f8       0x20 CMakeFiles/pwm_motor_control.dir/C_/Users/Jcjon/pico-sdk/lib/cyw43-driver/src/cyw43_ll.c.obj
                0x100082f8                cyw43_ll_init
 .text.cyw43_ll_deinit
                0x10008318        0x8 CMakeFiles/pwm_motor_control.dir/C_/Users/Jcjon/pico-sdk/lib/cyw43-driver/src/cyw43_ll.c.obj
                0x10008318                cyw43_ll_deinit
 .text.cyw43_ll_bus_sleep
                0x10008320       0x34 CMakeFiles/pwm_motor_control.dir/C_/Users/Jcjon/pico-sdk/lib/cyw43-driver/src/cyw43_ll.c.obj
                0x10008320                cyw43_ll_bus_sleep
 .text.cyw43_ll_sdpcm_poll_device
                0x10008354      0x158 CMakeFiles/pwm_motor_control.dir/C_/Users/Jcjon/pico-sdk/lib/cyw43-driver/src/cyw43_ll.c.obj
 .text.cyw43_ll_process_packets
                0x100084ac       0x5c CMakeFiles/pwm_motor_control.dir/C_/Users/Jcjon/pico-sdk/lib/cyw43-driver/src/cyw43_ll.c.obj
                0x100084ac                cyw43_ll_process_packets
 .text.cyw43_sdpcm_send_common
                0x10008508      0x114 CMakeFiles/pwm_motor_control.dir/C_/Users/Jcjon/pico-sdk/lib/cyw43-driver/src/cyw43_ll.c.obj
 .text.cyw43_send_ioctl
                0x1000861c       0x56 CMakeFiles/pwm_motor_control.dir/C_/Users/Jcjon/pico-sdk/lib/cyw43-driver/src/cyw43_ll.c.obj
 *fill*         0x10008672        0x2 
 .text.cyw43_do_ioctl
                0x10008674       0xc4 CMakeFiles/pwm_motor_control.dir/C_/Users/Jcjon/pico-sdk/lib/cyw43-driver/src/cyw43_ll.c.obj
 .text.cyw43_ll_ioctl
                0x10008738       0x1e CMakeFiles/pwm_motor_control.dir/C_/Users/Jcjon/pico-sdk/lib/cyw43-driver/src/cyw43_ll.c.obj
                0x10008738                cyw43_ll_ioctl
 *fill*         0x10008756        0x2 
 .text.cyw43_clm_load
                0x10008758       0xdc CMakeFiles/pwm_motor_control.dir/C_/Users/Jcjon/pico-sdk/lib/cyw43-driver/src/cyw43_ll.c.obj
 .text.cyw43_write_iovar_u32
                0x10008834       0x60 CMakeFiles/pwm_motor_control.dir/C_/Users/Jcjon/pico-sdk/lib/cyw43-driver/src/cyw43_ll.c.obj
 .text.cyw43_write_iovar_n
                0x10008894       0x50 CMakeFiles/pwm_motor_control.dir/C_/Users/Jcjon/pico-sdk/lib/cyw43-driver/src/cyw43_ll.c.obj
 .text.cyw43_set_ioctl_u32
                0x100088e4       0x30 CMakeFiles/pwm_motor_control.dir/C_/Users/Jcjon/pico-sdk/lib/cyw43-driver/src/cyw43_ll.c.obj
 .text.cyw43_write_iovar_u32_u32
                0x10008914       0x74 CMakeFiles/pwm_motor_control.dir/C_/Users/Jcjon/pico-sdk/lib/cyw43-driver/src/cyw43_ll.c.obj
 .text.cyw43_ll_wifi_get_mac
                0x10008988       0x44 CMakeFiles/pwm_motor_control.dir/C_/Users/Jcjon/pico-sdk/lib/cyw43-driver/src/cyw43_ll.c.obj
                0x10008988                cyw43_ll_wifi_get_mac
 .text.cyw43_ll_bus_init
                0x100089cc      0x370 CMakeFiles/pwm_motor_control.dir/C_/Users/Jcjon/pico-sdk/lib/cyw43-driver/src/cyw43_ll.c.obj
                0x100089cc                cyw43_ll_bus_init
 .text.cyw43_ll_wifi_set_wpa_auth
                0x10008d3c        0xe CMakeFiles/pwm_motor_control.dir/C_/Users/Jcjon/pico-sdk/lib/cyw43-driver/src/cyw43_ll.c.obj
                0x10008d3c                cyw43_ll_wifi_set_wpa_auth
 *fill*         0x10008d4a        0x2 
 .text.cyw43_ll_wifi_rejoin
                0x10008d4c       0x20 CMakeFiles/pwm_motor_control.dir/C_/Users/Jcjon/pico-sdk/lib/cyw43-driver/src/cyw43_ll.c.obj
                0x10008d4c                cyw43_ll_wifi_rejoin
 .text.cyw43_ll_gpio_set
                0x10008d6c       0x30 CMakeFiles/pwm_motor_control.dir/C_/Users/Jcjon/pico-sdk/lib/cyw43-driver/src/cyw43_ll.c.obj
                0x10008d6c                cyw43_ll_gpio_set
 .text.cyw43_ll_has_work
                0x10008d9c       0x12 CMakeFiles/pwm_motor_control.dir/C_/Users/Jcjon/pico-sdk/lib/cyw43-driver/src/cyw43_ll.c.obj
                0x10008d9c                cyw43_ll_has_work
 *fill*         0x10008dae        0x2 
 .text.cyw43_poll_func
                0x10008db0       0xac CMakeFiles/pwm_motor_control.dir/C_/Users/Jcjon/pico-sdk/lib/cyw43-driver/src/cyw43_ctrl.c.obj
 .text.cyw43_hal_ticks_ms
                0x10008e5c       0x20 CMakeFiles/pwm_motor_control.dir/C_/Users/Jcjon/pico-sdk/lib/cyw43-driver/src/cyw43_ctrl.c.obj
 .text.cyw43_dump_async_event
                0x10008e7c       0x58 CMakeFiles/pwm_motor_control.dir/C_/Users/Jcjon/pico-sdk/lib/cyw43-driver/src/cyw43_ctrl.c.obj
 .text.cyw43_ensure_up
                0x10008ed4       0xec CMakeFiles/pwm_motor_control.dir/C_/Users/Jcjon/pico-sdk/lib/cyw43-driver/src/cyw43_ctrl.c.obj
 .text.cyw43_init
                0x10008fc0       0x8c CMakeFiles/pwm_motor_control.dir/C_/Users/Jcjon/pico-sdk/lib/cyw43-driver/src/cyw43_ctrl.c.obj
                0x10008fc0                cyw43_init
 .text.cyw43_deinit
                0x1000904c       0x3c CMakeFiles/pwm_motor_control.dir/C_/Users/Jcjon/pico-sdk/lib/cyw43-driver/src/cyw43_ctrl.c.obj
                0x1000904c                cyw43_deinit
 .text.cyw43_cb_read_host_interrupt_pin
                0x10009088        0xc CMakeFiles/pwm_motor_control.dir/C_/Users/Jcjon/pico-sdk/lib/cyw43-driver/src/cyw43_ctrl.c.obj
                0x10009088                cyw43_cb_read_host_interrupt_pin
 .text.cyw43_cb_ensure_awake
                0x10009094        0xc CMakeFiles/pwm_motor_control.dir/C_/Users/Jcjon/pico-sdk/lib/cyw43-driver/src/cyw43_ctrl.c.obj
                0x10009094                cyw43_cb_ensure_awake
 .text.cyw43_cb_process_async_event
                0x100090a0      0x1ac CMakeFiles/pwm_motor_control.dir/C_/Users/Jcjon/pico-sdk/lib/cyw43-driver/src/cyw43_ctrl.c.obj
                0x100090a0                cyw43_cb_process_async_event
 .text.cyw43_gpio_set
                0x1000924c       0x30 CMakeFiles/pwm_motor_control.dir/C_/Users/Jcjon/pico-sdk/lib/cyw43-driver/src/cyw43_ctrl.c.obj
                0x1000924c                cyw43_gpio_set
 .text.is_gpio_compatible
                0x1000927c        0x4 CMakeFiles/pwm_motor_control.dir/C_/Users/Jcjon/pico-sdk/src/rp2_common/hardware_pio/pio.c.obj
 .text.is_program_gpio_compatible
                0x10009280        0x4 CMakeFiles/pwm_motor_control.dir/C_/Users/Jcjon/pico-sdk/src/rp2_common/hardware_pio/pio.c.obj
 .text.add_program_at_offset_check
                0x10009284       0x64 CMakeFiles/pwm_motor_control.dir/C_/Users/Jcjon/pico-sdk/src/rp2_common/hardware_pio/pio.c.obj
 .text.add_program_at_offset
                0x100092e8       0x60 CMakeFiles/pwm_motor_control.dir/C_/Users/Jcjon/pico-sdk/src/rp2_common/hardware_pio/pio.c.obj
 .text.find_offset_for_program
                0x10009348       0x7c CMakeFiles/pwm_motor_control.dir/C_/Users/Jcjon/pico-sdk/src/rp2_common/hardware_pio/pio.c.obj
 .text.pio_sm_unclaim
                0x100093c4       0x20 CMakeFiles/pwm_motor_control.dir/C_/Users/Jcjon/pico-sdk/src/rp2_common/hardware_pio/pio.c.obj
                0x100093c4                pio_sm_unclaim
 .text.pio_claim_unused_sm
                0x100093e4       0x38 CMakeFiles/pwm_motor_control.dir/C_/Users/Jcjon/pico-sdk/src/rp2_common/hardware_pio/pio.c.obj
                0x100093e4                pio_claim_unused_sm
 .text.pio_remove_program
                0x1000941c       0x54 CMakeFiles/pwm_motor_control.dir/C_/Users/Jcjon/pico-sdk/src/rp2_common/hardware_pio/pio.c.obj
                0x1000941c                pio_remove_program
 .text.pio_sm_set_pindirs_with_mask
                0x10009470       0xa0 CMakeFiles/pwm_motor_control.dir/C_/Users/Jcjon/pico-sdk/src/rp2_common/hardware_pio/pio.c.obj
                0x10009470                pio_sm_set_pindirs_with_mask
 .text.pio_sm_set_pindirs_with_mask64
                0x10009510        0xa CMakeFiles/pwm_motor_control.dir/C_/Users/Jcjon/pico-sdk/src/rp2_common/hardware_pio/pio.c.obj
                0x10009510                pio_sm_set_pindirs_with_mask64
 *fill*         0x1000951a        0x2 
 .text.pio_sm_set_consecutive_pindirs
                0x1000951c       0xb4 CMakeFiles/pwm_motor_control.dir/C_/Users/Jcjon/pico-sdk/src/rp2_common/hardware_pio/pio.c.obj
                0x1000951c                pio_sm_set_consecutive_pindirs
 .text.pio_claim_free_sm_and_add_program_for_gpio_range
                0x100095d0       0xf8 CMakeFiles/pwm_motor_control.dir/C_/Users/Jcjon/pico-sdk/src/rp2_common/hardware_pio/pio.c.obj
                0x100095d0                pio_claim_free_sm_and_add_program_for_gpio_range
 .text.pio_remove_program_and_unclaim_sm
                0x100096c8       0x1a CMakeFiles/pwm_motor_control.dir/C_/Users/Jcjon/pico-sdk/src/rp2_common/hardware_pio/pio.c.obj
                0x100096c8                pio_remove_program_and_unclaim_sm
 *fill*         0x100096e2        0x2 
 .text.dma_channel_unclaim
                0x100096e4       0x14 CMakeFiles/pwm_motor_control.dir/C_/Users/Jcjon/pico-sdk/src/rp2_common/hardware_dma/dma.c.obj
                0x100096e4                dma_channel_unclaim
 .text.dma_claim_unused_channel
                0x100096f8       0x24 CMakeFiles/pwm_motor_control.dir/C_/Users/Jcjon/pico-sdk/src/rp2_common/hardware_dma/dma.c.obj
                0x100096f8                dma_claim_unused_channel
 .text.dma_channel_cleanup
                0x1000971c       0x6c CMakeFiles/pwm_motor_control.dir/C_/Users/Jcjon/pico-sdk/src/rp2_common/hardware_dma/dma.c.obj
                0x1000971c                dma_channel_cleanup
 .text.cyw43_sleep_timeout_reached
                0x10009788       0x50 CMakeFiles/pwm_motor_control.dir/C_/Users/Jcjon/pico-sdk/src/rp2_common/pico_cyw43_driver/cyw43_driver.c.obj
 .text.async_context_add_at_time_worker_in_ms
                0x100097d8       0x4c CMakeFiles/pwm_motor_control.dir/C_/Users/Jcjon/pico-sdk/src/rp2_common/pico_cyw43_driver/cyw43_driver.c.obj
 .text.cyw43_do_poll
                0x10009824       0x74 CMakeFiles/pwm_motor_control.dir/C_/Users/Jcjon/pico-sdk/src/rp2_common/pico_cyw43_driver/cyw43_driver.c.obj
 .text.cyw43_set_irq_enabled
                0x10009898        0xe CMakeFiles/pwm_motor_control.dir/C_/Users/Jcjon/pico-sdk/src/rp2_common/pico_cyw43_driver/cyw43_driver.c.obj
 *fill*         0x100098a6        0x2 
 .text.cyw43_irq_init
                0x100098a8       0x50 CMakeFiles/pwm_motor_control.dir/C_/Users/Jcjon/pico-sdk/src/rp2_common/pico_cyw43_driver/cyw43_driver.c.obj
                0x100098a8                cyw43_irq_init
 .text.cyw43_gpio_irq_handler
                0x100098f8       0x40 CMakeFiles/pwm_motor_control.dir/C_/Users/Jcjon/pico-sdk/src/rp2_common/pico_cyw43_driver/cyw43_driver.c.obj
 .text.cyw43_irq_deinit
                0x10009938       0x48 CMakeFiles/pwm_motor_control.dir/C_/Users/Jcjon/pico-sdk/src/rp2_common/pico_cyw43_driver/cyw43_driver.c.obj
                0x10009938                cyw43_irq_deinit
 .text.no_lwip_fail
                0x10009980        0xc CMakeFiles/pwm_motor_control.dir/C_/Users/Jcjon/pico-sdk/src/rp2_common/pico_cyw43_driver/cyw43_driver.c.obj
 .text.cyw43_post_poll_hook
                0x1000998c       0x38 CMakeFiles/pwm_motor_control.dir/C_/Users/Jcjon/pico-sdk/src/rp2_common/pico_cyw43_driver/cyw43_driver.c.obj
                0x1000998c                cyw43_post_poll_hook
 .text.cyw43_schedule_internal_poll_dispatch
                0x100099c4       0x3c CMakeFiles/pwm_motor_control.dir/C_/Users/Jcjon/pico-sdk/src/rp2_common/pico_cyw43_driver/cyw43_driver.c.obj
                0x100099c4                cyw43_schedule_internal_poll_dispatch
 .text.cyw43_driver_init
                0x10009a00       0x38 CMakeFiles/pwm_motor_control.dir/C_/Users/Jcjon/pico-sdk/src/rp2_common/pico_cyw43_driver/cyw43_driver.c.obj
                0x10009a00                cyw43_driver_init
 .text.cyw43_driver_deinit
                0x10009a38       0x64 CMakeFiles/pwm_motor_control.dir/C_/Users/Jcjon/pico-sdk/src/rp2_common/pico_cyw43_driver/cyw43_driver.c.obj
                0x10009a38                cyw43_driver_deinit
 .text.cyw43_hal_generate_laa_mac
                0x10009a9c       0x34 CMakeFiles/pwm_motor_control.dir/C_/Users/Jcjon/pico-sdk/src/rp2_common/pico_cyw43_driver/cyw43_driver.c.obj
                0x10009a9c                cyw43_hal_generate_laa_mac
 .text.cyw43_thread_enter
                0x10009ad0       0x14 CMakeFiles/pwm_motor_control.dir/C_/Users/Jcjon/pico-sdk/src/rp2_common/pico_cyw43_driver/cyw43_driver.c.obj
                0x10009ad0                cyw43_thread_enter
 .text.cyw43_thread_exit
                0x10009ae4       0x14 CMakeFiles/pwm_motor_control.dir/C_/Users/Jcjon/pico-sdk/src/rp2_common/pico_cyw43_driver/cyw43_driver.c.obj
                0x10009ae4                cyw43_thread_exit
 .text.cyw43_thread_lock_check
                0x10009af8       0x14 CMakeFiles/pwm_motor_control.dir/C_/Users/Jcjon/pico-sdk/src/rp2_common/pico_cyw43_driver/cyw43_driver.c.obj
                0x10009af8                cyw43_thread_lock_check
 .text.cyw43_await_background_or_timeout_us
                0x10009b0c       0x68 CMakeFiles/pwm_motor_control.dir/C_/Users/Jcjon/pico-sdk/src/rp2_common/pico_cyw43_driver/cyw43_driver.c.obj
                0x10009b0c                cyw43_await_background_or_timeout_us
 .text.cyw43_delay_ms
                0x10009b74       0x44 CMakeFiles/pwm_motor_control.dir/C_/Users/Jcjon/pico-sdk/src/rp2_common/pico_cyw43_driver/cyw43_driver.c.obj
                0x10009b74                cyw43_delay_ms
 .text.cyw43_cb_tcpip_deinit
                0x10009bb8        0x2 CMakeFiles/pwm_motor_control.dir/C_/Users/Jcjon/pico-sdk/src/rp2_common/pico_cyw43_driver/cyw43_driver.c.obj
                0x10009bb8                cyw43_cb_tcpip_deinit
 .text.cyw43_cb_tcpip_set_link_up
                0x10009bba        0x6 CMakeFiles/pwm_motor_control.dir/C_/Users/Jcjon/pico-sdk/src/rp2_common/pico_cyw43_driver/cyw43_driver.c.obj
                0x10009bba                cyw43_cb_tcpip_set_link_up
 .text.cyw43_cb_tcpip_set_link_down
                0x10009bc0        0x6 CMakeFiles/pwm_motor_control.dir/C_/Users/Jcjon/pico-sdk/src/rp2_common/pico_cyw43_driver/cyw43_driver.c.obj
                0x10009bc0                cyw43_cb_tcpip_set_link_down
 .text.cyw43_cb_process_ethernet
                0x10009bc6        0x6 CMakeFiles/pwm_motor_control.dir/C_/Users/Jcjon/pico-sdk/src/rp2_common/pico_cyw43_driver/cyw43_driver.c.obj
                0x10009bc6                cyw43_cb_process_ethernet
 .text.async_context_threadsafe_background_acquire_lock_blocking